Archive member included to satisfy reference by file (symbol)

C:/ST/STM32CubeIDE_1.16.1/STM32CubeIDE/plugins/com.st.stm32cube.ide.mcu.externaltools.gnu-tools-for-stm32.13.3.rel1.win32_1.0.0.202411081344/tools/bin/../lib/gcc/arm-none-eabi/13.3.1/../../../../arm-none-eabi/lib/thumb/v7e-m+fp/hard\libc_nano.a(libc_a-exit.o)
                              C:/ST/STM32CubeIDE_1.16.1/STM32CubeIDE/plugins/com.st.stm32cube.ide.mcu.externaltools.gnu-tools-for-stm32.13.3.rel1.win32_1.0.0.202411081344/tools/bin/../lib/gcc/arm-none-eabi/13.3.1/../../../../arm-none-eabi/lib/thumb/v7e-m+fp/hard/crt0.o (exit)
C:/ST/STM32CubeIDE_1.16.1/STM32CubeIDE/plugins/com.st.stm32cube.ide.mcu.externaltools.gnu-tools-for-stm32.13.3.rel1.win32_1.0.0.202411081344/tools/bin/../lib/gcc/arm-none-eabi/13.3.1/../../../../arm-none-eabi/lib/thumb/v7e-m+fp/hard\libc_nano.a(libc_a-findfp.o)
                              C:/ST/STM32CubeIDE_1.16.1/STM32CubeIDE/plugins/com.st.stm32cube.ide.mcu.externaltools.gnu-tools-for-stm32.13.3.rel1.win32_1.0.0.202411081344/tools/bin/../lib/gcc/arm-none-eabi/13.3.1/../../../../arm-none-eabi/lib/thumb/v7e-m+fp/hard\libc_nano.a(libc_a-exit.o) (__stdio_exit_handler)
C:/ST/STM32CubeIDE_1.16.1/STM32CubeIDE/plugins/com.st.stm32cube.ide.mcu.externaltools.gnu-tools-for-stm32.13.3.rel1.win32_1.0.0.202411081344/tools/bin/../lib/gcc/arm-none-eabi/13.3.1/../../../../arm-none-eabi/lib/thumb/v7e-m+fp/hard\libc_nano.a(libc_a-fwalk.o)
                              C:/ST/STM32CubeIDE_1.16.1/STM32CubeIDE/plugins/com.st.stm32cube.ide.mcu.externaltools.gnu-tools-for-stm32.13.3.rel1.win32_1.0.0.202411081344/tools/bin/../lib/gcc/arm-none-eabi/13.3.1/../../../../arm-none-eabi/lib/thumb/v7e-m+fp/hard\libc_nano.a(libc_a-findfp.o) (_fwalk_sglue)
C:/ST/STM32CubeIDE_1.16.1/STM32CubeIDE/plugins/com.st.stm32cube.ide.mcu.externaltools.gnu-tools-for-stm32.13.3.rel1.win32_1.0.0.202411081344/tools/bin/../lib/gcc/arm-none-eabi/13.3.1/../../../../arm-none-eabi/lib/thumb/v7e-m+fp/hard\libc_nano.a(libc_a-stdio.o)
                              C:/ST/STM32CubeIDE_1.16.1/STM32CubeIDE/plugins/com.st.stm32cube.ide.mcu.externaltools.gnu-tools-for-stm32.13.3.rel1.win32_1.0.0.202411081344/tools/bin/../lib/gcc/arm-none-eabi/13.3.1/../../../../arm-none-eabi/lib/thumb/v7e-m+fp/hard\libc_nano.a(libc_a-findfp.o) (__sread)
C:/ST/STM32CubeIDE_1.16.1/STM32CubeIDE/plugins/com.st.stm32cube.ide.mcu.externaltools.gnu-tools-for-stm32.13.3.rel1.win32_1.0.0.202411081344/tools/bin/../lib/gcc/arm-none-eabi/13.3.1/../../../../arm-none-eabi/lib/thumb/v7e-m+fp/hard\libc_nano.a(libc_a-memset.o)
                              C:/ST/STM32CubeIDE_1.16.1/STM32CubeIDE/plugins/com.st.stm32cube.ide.mcu.externaltools.gnu-tools-for-stm32.13.3.rel1.win32_1.0.0.202411081344/tools/bin/../lib/gcc/arm-none-eabi/13.3.1/../../../../arm-none-eabi/lib/thumb/v7e-m+fp/hard/crt0.o (memset)
C:/ST/STM32CubeIDE_1.16.1/STM32CubeIDE/plugins/com.st.stm32cube.ide.mcu.externaltools.gnu-tools-for-stm32.13.3.rel1.win32_1.0.0.202411081344/tools/bin/../lib/gcc/arm-none-eabi/13.3.1/../../../../arm-none-eabi/lib/thumb/v7e-m+fp/hard\libc_nano.a(libc_a-closer.o)
                              C:/ST/STM32CubeIDE_1.16.1/STM32CubeIDE/plugins/com.st.stm32cube.ide.mcu.externaltools.gnu-tools-for-stm32.13.3.rel1.win32_1.0.0.202411081344/tools/bin/../lib/gcc/arm-none-eabi/13.3.1/../../../../arm-none-eabi/lib/thumb/v7e-m+fp/hard\libc_nano.a(libc_a-stdio.o) (_close_r)
C:/ST/STM32CubeIDE_1.16.1/STM32CubeIDE/plugins/com.st.stm32cube.ide.mcu.externaltools.gnu-tools-for-stm32.13.3.rel1.win32_1.0.0.202411081344/tools/bin/../lib/gcc/arm-none-eabi/13.3.1/../../../../arm-none-eabi/lib/thumb/v7e-m+fp/hard\libc_nano.a(libc_a-reent.o)
                              C:/ST/STM32CubeIDE_1.16.1/STM32CubeIDE/plugins/com.st.stm32cube.ide.mcu.externaltools.gnu-tools-for-stm32.13.3.rel1.win32_1.0.0.202411081344/tools/bin/../lib/gcc/arm-none-eabi/13.3.1/../../../../arm-none-eabi/lib/thumb/v7e-m+fp/hard\libc_nano.a(libc_a-closer.o) (errno)
C:/ST/STM32CubeIDE_1.16.1/STM32CubeIDE/plugins/com.st.stm32cube.ide.mcu.externaltools.gnu-tools-for-stm32.13.3.rel1.win32_1.0.0.202411081344/tools/bin/../lib/gcc/arm-none-eabi/13.3.1/../../../../arm-none-eabi/lib/thumb/v7e-m+fp/hard\libc_nano.a(libc_a-impure.o)
                              C:/ST/STM32CubeIDE_1.16.1/STM32CubeIDE/plugins/com.st.stm32cube.ide.mcu.externaltools.gnu-tools-for-stm32.13.3.rel1.win32_1.0.0.202411081344/tools/bin/../lib/gcc/arm-none-eabi/13.3.1/../../../../arm-none-eabi/lib/thumb/v7e-m+fp/hard\libc_nano.a(libc_a-reent.o) (_impure_ptr)
C:/ST/STM32CubeIDE_1.16.1/STM32CubeIDE/plugins/com.st.stm32cube.ide.mcu.externaltools.gnu-tools-for-stm32.13.3.rel1.win32_1.0.0.202411081344/tools/bin/../lib/gcc/arm-none-eabi/13.3.1/../../../../arm-none-eabi/lib/thumb/v7e-m+fp/hard\libc_nano.a(libc_a-lseekr.o)
[...]
Memory Configuration

Name             Origin             Length             Attributes
RAM              0x20000000         0x00050000         xrw
FLASH            0x08000000         0x00100000         xr
*default*        0x00000000         0xffffffff

Linker script and memory map

LOAD C:/ST/STM32CubeIDE_1.16.1/STM32CubeIDE/plugins/com.st.stm32cube.ide.mcu.externaltools.gnu-tools-for-stm32.13.3.rel1.win32_1.0.0.202411081344/tools/bin/../lib/gcc/arm-none-eabi/13.3.1/thumb/v7e-m+fp/hard/crti.o
LOAD C:/ST/STM32CubeIDE_1.16.1/STM32CubeIDE/plugins/com.st.stm32cube.ide.mcu.externaltools.gnu-tools-for-stm32.13.3.rel1.win32_1.0.0.202411081344/tools/bin/../lib/gcc/arm-none-eabi/13.3.1/thumb/v7e-m+fp/hard/crtbegin.o
LOAD C:/ST/STM32CubeIDE_1.16.1/STM32CubeIDE/plugins/com.st.stm32cube.ide.mcu.externaltools.gnu-tools-for-stm32.13.3.rel1.win32_1.0.0.202411081344/tools/bin/../lib/gcc/arm-none-eabi/13.3.1/../../../../arm-none-eabi/lib/thumb/v7e-m+fp/hard/crt0.o
LOAD ./Drivers/BSP/Components/adv7533/adv7533.o
LOAD ./Drivers/BSP/Components/exc7200/exc7200.o
LOAD ./Drivers/BSP/Components/ft5336/ft5336.o
LOAD ./Drivers/BSP/Components/ft6x06/ft6x06.o
LOAD ./Drivers/BSP/Components/mfxstm32l152/mfxstm32l152.o
LOAD ./Drivers/BSP/Components/otm8009a/otm8009a.o
LOAD ./Drivers/BSP/Components/ov9655/ov9655.o
LOAD ./Drivers/BSP/Components/s5k5cag/s5k5cag.o
LOAD ./Drivers/BSP/Components/st7735/st7735.o
LOAD ./Drivers/BSP/Components/st7789h2/st7789h2.o
LOAD ./Drivers/BSP/Components/stmpe811/stmpe811.o
LOAD ./Drivers/BSP/Components/ts3510/ts3510.o
LOAD ./Drivers/BSP/Components/wm8994/wm8994.o
LOAD ./Drivers/BSP/STM32746G-Discovery/stm32746g_discovery.o
LOAD ./Drivers/BSP/STM32746G-Discovery/stm32746g_discovery_audio.o
LOAD ./Drivers/BSP/STM32746G-Discovery/stm32746g_discovery_eeprom.o
LOAD ./Drivers/BSP/STM32746G-Discovery/stm32746g_discovery_lcd.o
LOAD ./Drivers/BSP/STM32746G-Discovery/stm32746g_discovery_sdram.o
LOAD ./Drivers/BSP/STM32746G-Discovery/stm32746g_discovery_ts.o
LOAD ./Drivers/STM32F7xx_HAL_Driver/Src/stm32f7xx_hal.o
LOAD ./Drivers/STM32F7xx_HAL_Driver/Src/stm32f7xx_hal_cortex.o
LOAD ./Drivers/STM32F7xx_HAL_Driver/Src/stm32f7xx_hal_dma.o
LOAD ./Drivers/STM32F7xx_HAL_Driver/Src/stm32f7xx_hal_dma2d.o
LOAD ./Drivers/STM32F7xx_HAL_Driver/Src/stm32f7xx_hal_dma_ex.o
LOAD ./Drivers/STM32F7xx_HAL_Driver/Src/stm32f7xx_hal_dsi.o
LOAD ./Drivers/STM32F7xx_HAL_Driver/Src/stm32f7xx_hal_flash.o
LOAD ./Drivers/STM32F7xx_HAL_Driver/Src/stm32f7xx_hal_flash_ex.o
LOAD ./Drivers/STM32F7xx_HAL_Driver/Src/stm32f7xx_hal_gpio.o
LOAD ./Drivers/STM32F7xx_HAL_Driver/Src/stm32f7xx_hal_i2c.o
LOAD ./Drivers/STM32F7xx_HAL_Driver/Src/stm32f7xx_hal_i2c_ex.o
LOAD ./Drivers/STM32F7xx_HAL_Driver/Src/stm32f7xx_hal_ltdc.o
LOAD ./Drivers/STM32F7xx_HAL_Driver/Src/stm32f7xx_hal_ltdc_ex.o
LOAD ./Drivers/STM32F7xx_HAL_Driver/Src/stm32f7xx_hal_pwr.o
LOAD ./Drivers/STM32F7xx_HAL_Driver/Src/stm32f7xx_hal_pwr_ex.o
LOAD ./Drivers/STM32F7xx_HAL_Driver/Src/stm32f7xx_hal_rcc.o
LOAD ./Drivers/STM32F7xx_HAL_Driver/Src/stm32f7xx_hal_rcc_ex.o
LOAD ./Drivers/STM32F7xx_HAL_Driver/Src/stm32f7xx_hal_sai.o
LOAD ./Drivers/STM32F7xx_HAL_Driver/Src/stm32f7xx_hal_sai_ex.o
LOAD ./Drivers/STM32F7xx_HAL_Driver/Src/stm32f7xx_hal_sdram.o
LOAD ./Drivers/STM32F7xx_HAL_Driver/Src/stm32f7xx_hal_tim.o
LOAD ./Drivers/STM32F7xx_HAL_Driver/Src/stm32f7xx_hal_tim_ex.o
LOAD ./Drivers/STM32F7xx_HAL_Driver/Src/stm32f7xx_hal_uart.o
LOAD ./Drivers/STM32F7xx_HAL_Driver/Src/stm32f7xx_ll_fmc.o
LOAD ./Src/lcd_start_page.o
LOAD ./Src/main.o
LOAD ./Src/mx_init.o
LOAD ./Src/peripheral.o
LOAD ./Src/stm32f7xx_hal_msp.o
LOAD ./Src/stm32f7xx_it.o
LOAD ./Src/syscalls.o
LOAD ./Src/sysmem.o
LOAD ./Src/system_stm32f7xx.o
LOAD ./Startup/startup_stm32f746nghx.o
START GROUP
LOAD C:/ST/STM32CubeIDE_1.16.1/STM32CubeIDE/plugins/com.st.stm32cube.ide.mcu.externaltools.gnu-tools-for-stm32.13.3.rel1.win32_1.0.0.202411081344/tools/bin/../lib/gcc/arm-none-eabi/13.3.1/../../../../arm-none-eabi/lib/thumb/v7e-m+fp/hard\libc_nano.a
LOAD C:/ST/STM32CubeIDE_1.16.1/STM32CubeIDE/plugins/com.st.stm32cube.ide.mcu.externaltools.gnu-tools-for-stm32.13.3.rel1.win32_1.0.0.202411081344/tools/bin/../lib/gcc/arm-none-eabi/13.3.1/../../../../arm-none-eabi/lib/thumb/v7e-m+fp/hard\libm.a
END GROUP
START GROUP
LOAD C:/ST/STM32CubeIDE_1.16.1/STM32CubeIDE/plugins/com.st.stm32cube.ide.mcu.externaltools.gnu-tools-for-stm32.13.3.rel1.win32_1.0.0.202411081344/tools/bin/../lib/gcc/arm-none-eabi/13.3.1/thumb/v7e-m+fp/hard\libgcc.a
LOAD C:/ST/STM32CubeIDE_1.16.1/STM32CubeIDE/plugins/com.st.stm32cube.ide.mcu.externaltools.gnu-tools-for-stm32.13.3.rel1.win32_1.0.0.202411081344/tools/bin/../lib/gcc/arm-none-eabi/13.3.1/../../../../arm-none-eabi/lib/thumb/v7e-m+fp/hard\libc_nano.a
END GROUP
START GROUP
LOAD C:/ST/STM32CubeIDE_1.16.1/STM32CubeIDE/plugins/com.st.stm32cube.ide.mcu.externaltools.gnu-tools-for-stm32.13.3.rel1.win32_1.0.0.202411081344/tools/bin/../lib/gcc/arm-none-eabi/13.3.1/thumb/v7e-m+fp/hard\libgcc.a
LOAD C:/ST/STM32CubeIDE_1.16.1/STM32CubeIDE/plugins/com.st.stm32cube.ide.mcu.externaltools.gnu-tools-for-stm32.13.3.rel1.win32_1.0.0.202411081344/tools/bin/../lib/gcc/arm-none-eabi/13.3.1/../../../../arm-none-eabi/lib/thumb/v7e-m+fp/hard\libc_nano.a
LOAD C:/ST/STM32CubeIDE_1.16.1/STM32CubeIDE/plugins/com.st.stm32cube.ide.mcu.externaltools.gnu-tools-for-stm32.13.3.rel1.win32_1.0.0.202411081344/tools/bin/../lib/gcc/arm-none-eabi/13.3.1/../../../../arm-none-eabi/lib/thumb/v7e-m+fp/hard\libnosys.a
END GROUP
START GROUP
LOAD C:/ST/STM32CubeIDE_1.16.1/STM32CubeIDE/plugins/com.st.stm32cube.ide.mcu.externaltools.gnu-tools-for-stm32.13.3.rel1.win32_1.0.0.202411081344/tools/bin/../lib/gcc/arm-none-eabi/13.3.1/thumb/v7e-m+fp/hard\libgcc.a
LOAD C:/ST/STM32CubeIDE_1.16.1/STM32CubeIDE/plugins/com.st.stm32cube.ide.mcu.externaltools.gnu-tools-for-stm32.13.3.rel1.win32_1.0.0.202411081344/tools/bin/../lib/gcc/arm-none-eabi/13.3.1/../../../../arm-none-eabi/lib/thumb/v7e-m+fp/hard\libc_nano.a
LOAD C:/ST/STM32CubeIDE_1.16.1/STM32CubeIDE/plugins/com.st.stm32cube.ide.mcu.externaltools.gnu-tools-for-stm32.13.3.rel1.win32_1.0.0.202411081344/tools/bin/../lib/gcc/arm-none-eabi/13.3.1/../../../../arm-none-eabi/lib/thumb/v7e-m+fp/hard\libnosys.a
END GROUP
LOAD C:/ST/STM32CubeIDE_1.16.1/STM32CubeIDE/plugins/com.st.stm32cube.ide.mcu.externaltools.gnu-tools-for-stm32.13.3.rel1.win32_1.0.0.202411081344/tools/bin/../lib/gcc/arm-none-eabi/13.3.1/thumb/v7e-m+fp/hard/crtend.o
LOAD C:/ST/STM32CubeIDE_1.16.1/STM32CubeIDE/plugins/com.st.stm32cube.ide.mcu.externaltools.gnu-tools-for-stm32.13.3.rel1.win32_1.0.0.202411081344/tools/bin/../lib/gcc/arm-none-eabi/13.3.1/thumb/v7e-m+fp/hard/crtn.o
                0x20050000                        _estack = (ORIGIN (RAM) + LENGTH (RAM))
                0x00000200                        _Min_Heap_Size = 0x200
                0x00000400                        _Min_Stack_Size = 0x400

.isr_vector     0x08000000      0x1c8
                0x08000000                        . = ALIGN (0x4)
 *(.isr_vector)
 .isr_vector    0x08000000      0x1c8 ./Startup/startup_stm32f746nghx.o
                0x08000000                g_pfnVectors
                0x080001c8                        . = ALIGN (0x4)

.text           0x080001c8     0xb644
                0x080001c8                        . = ALIGN (0x4)
 *(.text)
 .text          0x080001c8       0x40 C:/ST/STM32CubeIDE_1.16.1/STM32CubeIDE/plugins/com.st.stm32cube.ide.mcu.externaltools.gnu-tools-for-stm32.13.3.rel1.win32_1.0.0.202411081344/tools/bin/../lib/gcc/arm-none-eabi/13.3.1/thumb/v7e-m+fp/hard/crtbegin.o
 .text          0x08000208      0x378 C:/ST/STM32CubeIDE_1.16.1/STM32CubeIDE/plugins/com.st.stm32cube.ide.mcu.externaltools.gnu-tools-for-stm32.13.3.rel1.win32_1.0.0.202411081344/tools/bin/../lib/gcc/arm-none-eabi/13.3.1/thumb/v7e-m+fp/hard\libgcc.a(_arm_addsubdf3.o)
                0x08000208                __aeabi_drsub
                0x08000210                __aeabi_dsub
                0x08000210                __subdf3
                0x08000214                __aeabi_dadd
                0x08000214                __adddf3
                0x0800048c                __floatunsidf
                0x0800048c                __aeabi_ui2d
                0x080004ac                __floatsidf
                0x080004ac                __aeabi_i2d
                0x080004d0                __aeabi_f2d
                0x080004d0                __extendsfdf2
                0x08000514                __floatundidf
                0x08000514                __aeabi_ul2d
                0x08000524                __floatdidf
                0x08000524                __aeabi_l2d
 .text          0x08000580      0x424 C:/ST/STM32CubeIDE_1.16.1/STM32CubeIDE/plugins/com.st.stm32cube.ide.mcu.externaltools.gnu-tools-for-stm32.13.3.rel1.win32_1.0.0.202411081344/tools/bin/../lib/gcc/arm-none-eabi/13.3.1/thumb/v7e-m+fp/hard\libgcc.a(_arm_muldivdf3.o)
                0x08000580                __aeabi_dmul
                0x08000580                __muldf3
                0x080007d4                __divdf3
                0x080007d4                __aeabi_ddiv
 .text          0x080009a4       0x50 C:/ST/STM32CubeIDE_1.16.1/STM32CubeIDE/plugins/com.st.stm32cube.ide.mcu.externaltools.gnu-tools-for-stm32.13.3.rel1.win32_1.0.0.202411081344/tools/bin/../lib/gcc/arm-none-eabi/13.3.1/thumb/v7e-m+fp/hard\libgcc.a(_arm_fixdfsi.o)
                0x080009a4                __aeabi_d2iz
                0x080009a4                __fixdfsi
 .text          0x080009f4       0xa0 C:/ST/STM32CubeIDE_1.16.1/STM32CubeIDE/plugins/com.st.stm32cube.ide.mcu.externaltools.gnu-tools-for-stm32.13.3.rel1.win32_1.0.0.202411081344/tools/bin/../lib/gcc/arm-none-eabi/13.3.1/thumb/v7e-m+fp/hard\libgcc.a(_arm_truncdfsf2.o)
                0x080009f4                __truncdfsf2
                0x080009f4                __aeabi_d2f
 .text          0x08000a94       0x30 C:/ST/STM32CubeIDE_1.16.1/STM32CubeIDE/plugins/com.st.stm32cube.ide.mcu.externaltools.gnu-tools-for-stm32.13.3.rel1.win32_1.0.0.202411081344/tools/bin/../lib/gcc/arm-none-eabi/13.3.1/thumb/v7e-m+fp/hard\libgcc.a(_aeabi_uldivmod.o)
                0x08000a94                __aeabi_uldivmod
 .text          0x08000ac4      0x2f8 C:/ST/STM32CubeIDE_1.16.1/STM32CubeIDE/plugins/com.st.stm32cube.ide.mcu.externaltools.gnu-tools-for-stm32.13.3.rel1.win32_1.0.0.202411081344/tools/bin/../lib/gcc/arm-none-eabi/13.3.1/thumb/v7e-m+fp/hard\libgcc.a(_udivmoddi4.o)
                0x08000ac4                __udivmoddi4
 .text          0x08000dbc        0x4 C:/ST/STM32CubeIDE_1.16.1/STM32CubeIDE/plugins/com.st.stm32cube.ide.mcu.externaltools.gnu-tools-for-stm32.13.3.rel1.win32_1.0.0.202411081344/tools/bin/../lib/gcc/arm-none-eabi/13.3.1/thumb/v7e-m+fp/hard\libgcc.a(_dvmd_tls.o)
                0x08000dbc                __aeabi_idiv0
                0x08000dbc                __aeabi_ldiv0
 *(.text*)
 .text.wm8994_Init
                0x08000dc0      0xd78 ./Drivers/BSP/Components/wm8994/wm8994.o
                0x08000dc0                wm8994_Init
 .text.wm8994_DeInit
                0x08001b38        0xc ./Drivers/BSP/Components/wm8994/wm8994.o
                0x08001b38                wm8994_DeInit
 .text.wm8994_ReadID
                0x08001b44       0x24 ./Drivers/BSP/Components/wm8994/wm8994.o
                0x08001b44                wm8994_ReadID
 .text.wm8994_Play
                0x08001b68       0x30 ./Drivers/BSP/Components/wm8994/wm8994.o
                0x08001b68                wm8994_Play
 .text.wm8994_Pause
                0x08001b98       0x42 ./Drivers/BSP/Components/wm8994/wm8994.o
                0x08001b98                wm8994_Pause
 .text.wm8994_Resume
                0x08001bda       0x2a ./Drivers/BSP/Components/wm8994/wm8994.o
                0x08001bda                wm8994_Resume
 .text.wm8994_Stop
                0x08001c04       0xdc ./Drivers/BSP/Components/wm8994/wm8994.o
                0x08001c04                wm8994_Stop
 .text.wm8994_SetVolume
                0x08001ce0      0x248 ./Drivers/BSP/Components/wm8994/wm8994.o
                0x08001ce0                wm8994_SetVolume
 .text.wm8994_SetMute
                0x08001f28       0x9c ./Drivers/BSP/Components/wm8994/wm8994.o
                0x08001f28                wm8994_SetMute
 .text.wm8994_SetOutputMode
                0x08001fc4      0x246 ./Drivers/BSP/Components/wm8994/wm8994.o
                0x08001fc4                wm8994_SetOutputMode
 *fill*         0x0800220a        0x2 
 .text.wm8994_SetFrequency
                0x0800220c      0x1a8 ./Drivers/BSP/Components/wm8994/wm8994.o
                0x0800220c                wm8994_SetFrequency
 .text.wm8994_Reset
                0x080023b4       0x40 ./Drivers/BSP/Components/wm8994/wm8994.o
                0x080023b4                wm8994_Reset
 .text.CODEC_IO_Write
                0x080023f4       0x2e ./Drivers/BSP/Components/wm8994/wm8994.o
 *fill*         0x08002422        0x2 
 .text.I2Cx_MspInit
                0x08002424      0x160 ./Drivers/BSP/STM32746G-Discovery/stm32746g_discovery.o
 .text.I2Cx_Init
                0x08002584       0x78 ./Drivers/BSP/STM32746G-Discovery/stm32746g_discovery.o
 .text.I2Cx_ReadMultiple
                0x080025fc       0x5a ./Drivers/BSP/STM32746G-Discovery/stm32746g_discovery.o
 .text.I2Cx_WriteMultiple
                0x08002656       0x5a ./Drivers/BSP/STM32746G-Discovery/stm32746g_discovery.o
 .text.I2Cx_Error
                0x080026b0       0x20 ./Drivers/BSP/STM32746G-Discovery/stm32746g_discovery.o
 .text.AUDIO_IO_Init
                0x080026d0       0x14 ./Drivers/BSP/STM32746G-Discovery/stm32746g_discovery.o
                0x080026d0                AUDIO_IO_Init
 .text.AUDIO_IO_DeInit
                0x080026e4        0xe ./Drivers/BSP/STM32746G-Discovery/stm32746g_discovery.o
                0x080026e4                AUDIO_IO_DeInit
 *fill*         0x080026f2        0x2 
 .text.AUDIO_IO_Write
                0x080026f4       0x54 ./Drivers/BSP/STM32746G-Discovery/stm32746g_discovery.o
                0x080026f4                AUDIO_IO_Write
 .text.AUDIO_IO_Read
                0x08002748       0x58 ./Drivers/BSP/STM32746G-Discovery/stm32746g_discovery.o
                0x08002748                AUDIO_IO_Read
 .text.AUDIO_IO_Delay
                0x080027a0       0x16 ./Drivers/BSP/STM32746G-Discovery/stm32746g_discovery.o
                0x080027a0                AUDIO_IO_Delay
 *fill*         0x080027b6        0x2 
 .text.BSP_LCD_Init
                0x080027b8       0xe0 ./Drivers/BSP/STM32746G-Discovery/stm32746g_discovery_lcd.o
                0x080027b8                BSP_LCD_Init
 .text.BSP_LCD_GetXSize
                0x08002898       0x28 ./Drivers/BSP/STM32746G-Discovery/stm32746g_discovery_lcd.o
                0x08002898                BSP_LCD_GetXSize
 .text.BSP_LCD_GetYSize
                0x080028c0       0x28 ./Drivers/BSP/STM32746G-Discovery/stm32746g_discovery_lcd.o
                0x080028c0                BSP_LCD_GetYSize
 .text.BSP_LCD_LayerDefaultInit
                0x080028e8       0xc0 ./Drivers/BSP/STM32746G-Discovery/stm32746g_discovery_lcd.o
                0x080028e8                BSP_LCD_LayerDefaultInit
 .text.BSP_LCD_SelectLayer
                0x080029a8       0x20 ./Drivers/BSP/STM32746G-Discovery/stm32746g_discovery_lcd.o
                0x080029a8                BSP_LCD_SelectLayer
 .text.BSP_LCD_SetTextColor
                0x080029c8       0x30 ./Drivers/BSP/STM32746G-Discovery/stm32746g_discovery_lcd.o
                0x080029c8                BSP_LCD_SetTextColor
 .text.BSP_LCD_SetBackColor
                0x080029f8       0x34 ./Drivers/BSP/STM32746G-Discovery/stm32746g_discovery_lcd.o
                0x080029f8                BSP_LCD_SetBackColor
 .text.BSP_LCD_SetFont
                0x08002a2c       0x34 ./Drivers/BSP/STM32746G-Discovery/stm32746g_discovery_lcd.o
                0x08002a2c                BSP_LCD_SetFont
 .text.BSP_LCD_Clear
                0x08002a60       0x50 ./Drivers/BSP/STM32746G-Discovery/stm32746g_discovery_lcd.o
                0x08002a60                BSP_LCD_Clear
 .text.BSP_LCD_DisplayChar
                0x08002ab0       0x88 ./Drivers/BSP/STM32746G-Discovery/stm32746g_discovery_lcd.o
                0x08002ab0                BSP_LCD_DisplayChar
 .text.BSP_LCD_DisplayStringAt
                0x08002b38      0x190 ./Drivers/BSP/STM32746G-Discovery/stm32746g_discovery_lcd.o
                0x08002b38                BSP_LCD_DisplayStringAt
 .text.BSP_LCD_DrawPixel
                0x08002cc8       0x90 ./Drivers/BSP/STM32746G-Discovery/stm32746g_discovery_lcd.o
                0x08002cc8                BSP_LCD_DrawPixel
 .text.BSP_LCD_DrawBitmap
                0x08002d58      0x164 ./Drivers/BSP/STM32746G-Discovery/stm32746g_discovery_lcd.o
                0x08002d58                BSP_LCD_DrawBitmap
 .text.BSP_LCD_FillRect
                0x08002ebc       0xf4 ./Drivers/BSP/STM32746G-Discovery/stm32746g_discovery_lcd.o
                0x08002ebc                BSP_LCD_FillRect
 .text.BSP_LCD_MspInit
                0x08002fb0      0x1b4 ./Drivers/BSP/STM32746G-Discovery/stm32746g_discovery_lcd.o
                0x08002fb0                BSP_LCD_MspInit
 .text.BSP_LCD_ClockConfig
                0x08003164       0x38 ./Drivers/BSP/STM32746G-Discovery/stm32746g_discovery_lcd.o
                0x08003164                BSP_LCD_ClockConfig
 .text.DrawChar
                0x0800319c      0x170 ./Drivers/BSP/STM32746G-Discovery/stm32746g_discovery_lcd.o
 .text.LL_FillBuffer
                0x0800330c       0x98 ./Drivers/BSP/STM32746G-Discovery/stm32746g_discovery_lcd.o
 .text.LL_ConvertLineToARGB8888
                0x080033a4       0x88 ./Drivers/BSP/STM32746G-Discovery/stm32746g_discovery_lcd.o
 .text.BSP_SDRAM_Init
                0x0800342c       0xbc ./Drivers/BSP/STM32746G-Discovery/stm32746g_discovery_sdram.o
                0x0800342c                BSP_SDRAM_Init
 .text.BSP_SDRAM_Initialization_sequence
                0x080034e8       0xc0 ./Drivers/BSP/STM32746G-Discovery/stm32746g_discovery_sdram.o
                0x080034e8                BSP_SDRAM_Initialization_sequence
 .text.BSP_SDRAM_MspInit
                0x080035a8      0x1f0 ./Drivers/BSP/STM32746G-Discovery/stm32746g_discovery_sdram.o
                0x080035a8                BSP_SDRAM_MspInit
 .text.HAL_Init
                0x08003798       0x38 ./Drivers/STM32F7xx_HAL_Driver/Src/stm32f7xx_hal.o
                0x08003798                HAL_Init
 .text.HAL_InitTick
                0x080037d0       0x60 ./Drivers/STM32F7xx_HAL_Driver/Src/stm32f7xx_hal.o
                0x080037d0                HAL_InitTick
 .text.HAL_IncTick
                0x08003830       0x28 ./Drivers/STM32F7xx_HAL_Driver/Src/stm32f7xx_hal.o
                0x08003830                HAL_IncTick
 .text.HAL_GetTick
                0x08003858       0x18 ./Drivers/STM32F7xx_HAL_Driver/Src/stm32f7xx_hal.o
                0x08003858                HAL_GetTick
 .text.HAL_Delay
                0x08003870       0x48 ./Drivers/STM32F7xx_HAL_Driver/Src/stm32f7xx_hal.o
                0x08003870                HAL_Delay
 .text.NVIC_SetPriorityGrouping
                0x080038b8       0x48 ./Drivers/STM32F7xx_HAL_Driver/Src/stm32f7xx_hal_cortex.o
 .text.NVIC_GetPriorityGrouping
                0x08003900       0x1c ./Drivers/STM32F7xx_HAL_Driver/Src/stm32f7xx_hal_cortex.o
 .text.NVIC_EnableIRQ
                0x0800391c       0x34 ./Drivers/STM32F7xx_HAL_Driver/Src/stm32f7xx_hal_cortex.o
 .text.NVIC_SetPriority
                0x08003950       0x54 ./Drivers/STM32F7xx_HAL_Driver/Src/stm32f7xx_hal_cortex.o
 .text.NVIC_EncodePriority
                0x080039a4       0x66 ./Drivers/STM32F7xx_HAL_Driver/Src/stm32f7xx_hal_cortex.o
 *fill*         0x08003a0a        0x2 
 .text.SysTick_Config
                0x08003a0c       0x44 ./Drivers/STM32F7xx_HAL_Driver/Src/stm32f7xx_hal_cortex.o
 .text.HAL_NVIC_SetPriorityGrouping
                0x08003a50       0x16 ./Drivers/STM32F7xx_HAL_Driver/Src/stm32f7xx_hal_cortex.o
                0x08003a50                HAL_NVIC_SetPriorityGrouping
 .text.HAL_NVIC_SetPriority
                0x08003a66       0x38 ./Drivers/STM32F7xx_HAL_Driver/Src/stm32f7xx_hal_cortex.o
                0x08003a66                HAL_NVIC_SetPriority
 .text.HAL_NVIC_EnableIRQ
                0x08003a9e       0x1c ./Drivers/STM32F7xx_HAL_Driver/Src/stm32f7xx_hal_cortex.o
                0x08003a9e                HAL_NVIC_EnableIRQ
 .text.HAL_SYSTICK_Config
                0x08003aba       0x18 ./Drivers/STM32F7xx_HAL_Driver/Src/stm32f7xx_hal_cortex.o
                0x08003aba                HAL_SYSTICK_Config
 *fill*         0x08003ad2        0x2 
 .text.HAL_DMA_Init
                0x08003ad4      0x15c ./Drivers/STM32F7xx_HAL_Driver/Src/stm32f7xx_hal_dma.o
                0x08003ad4                HAL_DMA_Init
 .text.HAL_DMA_DeInit
                0x08003c30       0xbc ./Drivers/STM32F7xx_HAL_Driver/Src/stm32f7xx_hal_dma.o
                0x08003c30                HAL_DMA_DeInit
 .text.DMA_CalcBaseAndBitshift
                0x08003cec       0x6c ./Drivers/STM32F7xx_HAL_Driver/Src/stm32f7xx_hal_dma.o
 .text.DMA_CheckFifoParam
                0x08003d58       0xf8 ./Drivers/STM32F7xx_HAL_Driver/Src/stm32f7xx_hal_dma.o
 .text.HAL_DMA2D_Init
                0x08003e50       0x94 ./Drivers/STM32F7xx_HAL_Driver/Src/stm32f7xx_hal_dma2d.o
                0x08003e50                HAL_DMA2D_Init
 .text.HAL_DMA2D_Start
                0x08003ee4       0x56 ./Drivers/STM32F7xx_HAL_Driver/Src/stm32f7xx_hal_dma2d.o
                0x08003ee4                HAL_DMA2D_Start
 .text.HAL_DMA2D_PollForTransfer
                0x08003f3a      0x1d0 ./Drivers/STM32F7xx_HAL_Driver/Src/stm32f7xx_hal_dma2d.o
                0x08003f3a                HAL_DMA2D_PollForTransfer
 .text.HAL_DMA2D_IRQHandler
                0x0800410a      0x1f8 ./Drivers/STM32F7xx_HAL_Driver/Src/stm32f7xx_hal_dma2d.o
                0x0800410a                HAL_DMA2D_IRQHandler
 .text.HAL_DMA2D_LineEventCallback
                0x08004302       0x14 ./Drivers/STM32F7xx_HAL_Driver/Src/stm32f7xx_hal_dma2d.o
                0x08004302                HAL_DMA2D_LineEventCallback
 .text.HAL_DMA2D_CLUTLoadingCpltCallback
                0x08004316       0x14 ./Drivers/STM32F7xx_HAL_Driver/Src/stm32f7xx_hal_dma2d.o
                0x08004316                HAL_DMA2D_CLUTLoadingCpltCallback
 *fill*         0x0800432a        0x2 
 .text.HAL_DMA2D_ConfigLayer
                0x0800432c      0x12c ./Drivers/STM32F7xx_HAL_Driver/Src/stm32f7xx_hal_dma2d.o
                0x0800432c                HAL_DMA2D_ConfigLayer
 .text.DMA2D_SetConfig
                0x08004458      0x14c ./Drivers/STM32F7xx_HAL_Driver/Src/stm32f7xx_hal_dma2d.o
 .text.HAL_GPIO_Init
                0x080045a4      0x358 ./Drivers/STM32F7xx_HAL_Driver/Src/stm32f7xx_hal_gpio.o
                0x080045a4                HAL_GPIO_Init
 .text.HAL_GPIO_DeInit
                0x080048fc      0x218 ./Drivers/STM32F7xx_HAL_Driver/Src/stm32f7xx_hal_gpio.o
                0x080048fc                HAL_GPIO_DeInit
 .text.HAL_GPIO_WritePin
                0x08004b14       0x32 ./Drivers/STM32F7xx_HAL_Driver/Src/stm32f7xx_hal_gpio.o
                0x08004b14                HAL_GPIO_WritePin
 *fill*         0x08004b46        0x2 
 .text.HAL_I2C_Init
                0x08004b48      0x120 ./Drivers/STM32F7xx_HAL_Driver/Src/stm32f7xx_hal_i2c.o
                0x08004b48                HAL_I2C_Init
 .text.HAL_I2C_DeInit
                0x08004c68       0x5e ./Drivers/STM32F7xx_HAL_Driver/Src/stm32f7xx_hal_i2c.o
                0x08004c68                HAL_I2C_DeInit
 *fill*         0x08004cc6        0x2 
 .text.HAL_I2C_Mem_Write
                0x08004cc8      0x24c ./Drivers/STM32F7xx_HAL_Driver/Src/stm32f7xx_hal_i2c.o
                0x08004cc8                HAL_I2C_Mem_Write
 .text.HAL_I2C_Mem_Read
                0x08004f14      0x24c ./Drivers/STM32F7xx_HAL_Driver/Src/stm32f7xx_hal_i2c.o
                0x08004f14                HAL_I2C_Mem_Read
 .text.HAL_I2C_GetState
                0x08005160       0x1c ./Drivers/STM32F7xx_HAL_Driver/Src/stm32f7xx_hal_i2c.o
                0x08005160                HAL_I2C_GetState
 .text.I2C_RequestMemoryWrite
                0x0800517c       0xc0 ./Drivers/STM32F7xx_HAL_Driver/Src/stm32f7xx_hal_i2c.o
 .text.I2C_RequestMemoryRead
                0x0800523c       0xc0 ./Drivers/STM32F7xx_HAL_Driver/Src/stm32f7xx_hal_i2c.o
 .text.I2C_Flush_TXDR
                0x080052fc       0x48 ./Drivers/STM32F7xx_HAL_Driver/Src/stm32f7xx_hal_i2c.o
 .text.I2C_WaitOnFlagUntilTimeout
                0x08005344       0x74 ./Drivers/STM32F7xx_HAL_Driver/Src/stm32f7xx_hal_i2c.o
 .text.I2C_WaitOnTXISFlagUntilTimeout
                0x080053b8       0x80 ./Drivers/STM32F7xx_HAL_Driver/Src/stm32f7xx_hal_i2c.o
 .text.I2C_WaitOnSTOPFlagUntilTimeout
                0x08005438       0x78 ./Drivers/STM32F7xx_HAL_Driver/Src/stm32f7xx_hal_i2c.o
 .text.I2C_IsAcknowledgeFailed
                0x080054b0       0xbc ./Drivers/STM32F7xx_HAL_Driver/Src/stm32f7xx_hal_i2c.o
 .text.I2C_TransferConfig
                0x0800556c       0x5c ./Drivers/STM32F7xx_HAL_Driver/Src/stm32f7xx_hal_i2c.o
 .text.HAL_I2CEx_ConfigAnalogFilter
                0x080055c8       0x96 ./Drivers/STM32F7xx_HAL_Driver/Src/stm32f7xx_hal_i2c_ex.o
                0x080055c8                HAL_I2CEx_ConfigAnalogFilter
 .text.HAL_I2CEx_ConfigDigitalFilter
                0x0800565e       0x9c ./Drivers/STM32F7xx_HAL_Driver/Src/stm32f7xx_hal_i2c_ex.o
                0x0800565e                HAL_I2CEx_ConfigDigitalFilter
 *fill*         0x080056fa        0x2 
 .text.HAL_LTDC_Init
                0x080056fc      0x1b8 ./Drivers/STM32F7xx_HAL_Driver/Src/stm32f7xx_hal_ltdc.o
                0x080056fc                HAL_LTDC_Init
 .text.HAL_LTDC_ConfigLayer
                0x080058b4       0x7c ./Drivers/STM32F7xx_HAL_Driver/Src/stm32f7xx_hal_ltdc.o
                0x080058b4                HAL_LTDC_ConfigLayer
 .text.HAL_LTDC_GetState
                0x08005930       0x1c ./Drivers/STM32F7xx_HAL_Driver/Src/stm32f7xx_hal_ltdc.o
                0x08005930                HAL_LTDC_GetState
 .text.LTDC_SetConfig
                0x0800594c      0x340 ./Drivers/STM32F7xx_HAL_Driver/Src/stm32f7xx_hal_ltdc.o
 .text.HAL_PWR_EnableBkUpAccess
                0x08005c8c       0x20 ./Drivers/STM32F7xx_HAL_Driver/Src/stm32f7xx_hal_pwr.o
                0x08005c8c                HAL_PWR_EnableBkUpAccess
 .text.HAL_PWREx_EnableOverDrive
                0x08005cac       0xa0 ./Drivers/STM32F7xx_HAL_Driver/Src/stm32f7xx_hal_pwr_ex.o
                0x08005cac                HAL_PWREx_EnableOverDrive
 .text.HAL_RCC_OscConfig
                0x08005d4c      0x4e0 ./Drivers/STM32F7xx_HAL_Driver/Src/stm32f7xx_hal_rcc.o
                0x08005d4c                HAL_RCC_OscConfig
 .text.HAL_RCC_ClockConfig
                0x0800622c      0x1d0 ./Drivers/STM32F7xx_HAL_Driver/Src/stm32f7xx_hal_rcc.o
                0x0800622c                HAL_RCC_ClockConfig
 .text.HAL_RCC_GetSysClockFreq
                0x080063fc      0x18c ./Drivers/STM32F7xx_HAL_Driver/Src/stm32f7xx_hal_rcc.o
                0x080063fc                HAL_RCC_GetSysClockFreq
 .text.HAL_RCC_GetHCLKFreq
                0x08006588       0x18 ./Drivers/STM32F7xx_HAL_Driver/Src/stm32f7xx_hal_rcc.o
                0x08006588                HAL_RCC_GetHCLKFreq
 .text.HAL_RCC_GetPCLK1Freq
                0x080065a0       0x28 ./Drivers/STM32F7xx_HAL_Driver/Src/stm32f7xx_hal_rcc.o
                0x080065a0                HAL_RCC_GetPCLK1Freq
 .text.HAL_RCC_GetPCLK2Freq
                0x080065c8       0x28 ./Drivers/STM32F7xx_HAL_Driver/Src/stm32f7xx_hal_rcc.o
                0x080065c8                HAL_RCC_GetPCLK2Freq
 .text.HAL_RCCEx_PeriphCLKConfig
                0x080065f0      0x7e0 ./Drivers/STM32F7xx_HAL_Driver/Src/stm32f7xx_hal_rcc_ex.o
                0x080065f0                HAL_RCCEx_PeriphCLKConfig
 .text.HAL_RCCEx_GetPeriphCLKFreq
                0x08006dd0      0x280 ./Drivers/STM32F7xx_HAL_Driver/Src/stm32f7xx_hal_rcc_ex.o
                0x08006dd0                HAL_RCCEx_GetPeriphCLKFreq
 .text.HAL_SAI_Init
                0x08007050      0x2ec ./Drivers/STM32F7xx_HAL_Driver/Src/stm32f7xx_hal_sai.o
                0x08007050                HAL_SAI_Init
 .text.HAL_SAI_Transmit
                0x0800733c      0x19c ./Drivers/STM32F7xx_HAL_Driver/Src/stm32f7xx_hal_sai.o
                0x0800733c                HAL_SAI_Transmit
 .text.SAI_FillFifo
                0x080074d8       0x9a ./Drivers/STM32F7xx_HAL_Driver/Src/stm32f7xx_hal_sai.o
 *fill*         0x08007572        0x2 
 .text.SAI_Disable
                0x08007574       0x6c ./Drivers/STM32F7xx_HAL_Driver/Src/stm32f7xx_hal_sai.o
 .text.HAL_SDRAM_Init
                0x080075e0       0x68 ./Drivers/STM32F7xx_HAL_Driver/Src/stm32f7xx_hal_sdram.o
                0x080075e0                HAL_SDRAM_Init
 .text.HAL_SDRAM_SendCommand
                0x08007648       0x56 ./Drivers/STM32F7xx_HAL_Driver/Src/stm32f7xx_hal_sdram.o
                0x08007648                HAL_SDRAM_SendCommand
 .text.HAL_SDRAM_ProgramRefreshRate
                0x0800769e       0x40 ./Drivers/STM32F7xx_HAL_Driver/Src/stm32f7xx_hal_sdram.o
                0x0800769e                HAL_SDRAM_ProgramRefreshRate
 .text.HAL_TIM_Base_Init
                0x080076de       0x56 ./Drivers/STM32F7xx_HAL_Driver/Src/stm32f7xx_hal_tim.o
                0x080076de                HAL_TIM_Base_Init
 .text.HAL_TIM_Base_Start
                0x08007734       0x36 ./Drivers/STM32F7xx_HAL_Driver/Src/stm32f7xx_hal_tim.o
                0x08007734                HAL_TIM_Base_Start
 .text.HAL_TIM_PWM_Init
                0x0800776a       0x56 ./Drivers/STM32F7xx_HAL_Driver/Src/stm32f7xx_hal_tim.o
                0x0800776a                HAL_TIM_PWM_Init
 .text.HAL_TIM_ConfigClockSource
                0x080077c0      0x1e0 ./Drivers/STM32F7xx_HAL_Driver/Src/stm32f7xx_hal_tim.o
                0x080077c0                HAL_TIM_ConfigClockSource
 .text.TIM_Base_SetConfig
                0x080079a0      0x160 ./Drivers/STM32F7xx_HAL_Driver/Src/stm32f7xx_hal_tim.o
                0x080079a0                TIM_Base_SetConfig
 .text.TIM_OC1_SetConfig
                0x08007b00       0xec ./Drivers/STM32F7xx_HAL_Driver/Src/stm32f7xx_hal_tim.o
                0x08007b00                TIM_OC1_SetConfig
 .text.TIM_OC2_SetConfig
                0x08007bec       0xf4 ./Drivers/STM32F7xx_HAL_Driver/Src/stm32f7xx_hal_tim.o
                0x08007bec                TIM_OC2_SetConfig
 .text.TIM_OC3_SetConfig
                0x08007ce0       0xf4 ./Drivers/STM32F7xx_HAL_Driver/Src/stm32f7xx_hal_tim.o
                0x08007ce0                TIM_OC3_SetConfig
 .text.TIM_OC4_SetConfig
                0x08007dd4       0xc4 ./Drivers/STM32F7xx_HAL_Driver/Src/stm32f7xx_hal_tim.o
                0x08007dd4                TIM_OC4_SetConfig
 .text.TIM_TI1_ConfigInputStage
                0x08007e98       0x66 ./Drivers/STM32F7xx_HAL_Driver/Src/stm32f7xx_hal_tim.o
 .text.TIM_TI2_ConfigInputStage
                0x08007efe       0x68 ./Drivers/STM32F7xx_HAL_Driver/Src/stm32f7xx_hal_tim.o
 .text.TIM_ITRx_SetConfig
                0x08007f66       0x40 ./Drivers/STM32F7xx_HAL_Driver/Src/stm32f7xx_hal_tim.o
 .text.TIM_ETR_SetConfig
                0x08007fa6       0x44 ./Drivers/STM32F7xx_HAL_Driver/Src/stm32f7xx_hal_tim.o
                0x08007fa6                TIM_ETR_SetConfig
 *fill*         0x08007fea        0x2 
 .text.HAL_TIMEx_MasterConfigSynchronization
                0x08007fec       0xa8 ./Drivers/STM32F7xx_HAL_Driver/Src/stm32f7xx_hal_tim_ex.o
                0x08007fec                HAL_TIMEx_MasterConfigSynchronization
 .text.HAL_TIM_PWM_ConfigChannel
                0x08008094      0x230 ./Drivers/STM32F7xx_HAL_Driver/Src/stm32f7xx_hal_tim_ex.o
                0x08008094                HAL_TIM_PWM_ConfigChannel
 .text.TIM_OC5_SetConfig
                0x080082c4       0xb0 ./Drivers/STM32F7xx_HAL_Driver/Src/stm32f7xx_hal_tim_ex.o
 .text.TIM_OC6_SetConfig
                0x08008374       0xb4 ./Drivers/STM32F7xx_HAL_Driver/Src/stm32f7xx_hal_tim_ex.o
 .text.HAL_UART_Init
                0x08008428       0xa2 ./Drivers/STM32F7xx_HAL_Driver/Src/stm32f7xx_hal_uart.o
                0x08008428                HAL_UART_Init
 .text.UART_WaitOnFlagUntilTimeout
                0x080084ca       0x94 ./Drivers/STM32F7xx_HAL_Driver/Src/stm32f7xx_hal_uart.o
                0x080084ca                UART_WaitOnFlagUntilTimeout
 *fill*         0x0800855e        0x2 
 .text.UART_SetConfig
                0x08008560      0x4fc ./Drivers/STM32F7xx_HAL_Driver/Src/stm32f7xx_hal_uart.o
                0x08008560                UART_SetConfig
 .text.UART_AdvFeatureConfig
                0x08008a5c      0x144 ./Drivers/STM32F7xx_HAL_Driver/Src/stm32f7xx_hal_uart.o
                0x08008a5c                UART_AdvFeatureConfig
 .text.UART_CheckIdleState
                0x08008ba0       0x66 ./Drivers/STM32F7xx_HAL_Driver/Src/stm32f7xx_hal_uart.o
                0x08008ba0                UART_CheckIdleState
 *fill*         0x08008c06        0x2 
 .text.FMC_SDRAM_Init
                0x08008c08       0xe4 ./Drivers/STM32F7xx_HAL_Driver/Src/stm32f7xx_ll_fmc.o
                0x08008c08                FMC_SDRAM_Init
 .text.FMC_SDRAM_Timing_Init
                0x08008cec      0x100 ./Drivers/STM32F7xx_HAL_Driver/Src/stm32f7xx_ll_fmc.o
                0x08008cec                FMC_SDRAM_Timing_Init
 .text.FMC_SDRAM_SendCommand
                0x08008dec       0x42 ./Drivers/STM32F7xx_HAL_Driver/Src/stm32f7xx_ll_fmc.o
                0x08008dec                FMC_SDRAM_SendCommand
 .text.FMC_SDRAM_ProgramRefreshRate
                0x08008e2e       0x26 ./Drivers/STM32F7xx_HAL_Driver/Src/stm32f7xx_ll_fmc.o
                0x08008e2e                FMC_SDRAM_ProgramRefreshRate
 .text.lcd_start_page
                0x08008e54       0xdc ./Src/lcd_start_page.o
                0x08008e54                lcd_start_page
 .text.SCB_EnableICache
                0x08008f30       0x40 ./Src/main.o
 .text.SCB_EnableDCache
                0x08008f70       0x88 ./Src/main.o
 .text.initSinusTable
                0x08008ff8       0x94 ./Src/main.o
                0x08008ff8                initSinusTable
 .text.notePlayDDS
                0x0800908c       0xe4 ./Src/main.o
                0x0800908c                notePlayDDS
 .text.musicPlayDDS
                0x08009170       0x44 ./Src/main.o
                0x08009170                musicPlayDDS
 .text.main     0x080091b4       0x40 ./Src/main.o
                0x080091b4                main
 .text.BOARD_Init
                0x080091f4       0x88 ./Src/mx_init.o
                0x080091f4                BOARD_Init
 .text.SystemClock_Config
                0x0800927c      0x168 ./Src/mx_init.o
                0x0800927c                SystemClock_Config
 .text.MX_DMA2D_Init
                0x080093e4       0x64 ./Src/mx_init.o
                0x080093e4                MX_DMA2D_Init
 .text.MX_I2C3_Init
                0x08009448       0x80 ./Src/mx_init.o
                0x08009448                MX_I2C3_Init
 .text.MX_LTDC_Init
                0x080094c8      0x120 ./Src/mx_init.o
                0x080094c8                MX_LTDC_Init
 .text.MX_SAI2_Init
                0x080095e8      0x158 ./Src/mx_init.o
                0x080095e8                MX_SAI2_Init
 .text.MX_TIM1_Init
                0x08009740       0xa4 ./Src/mx_init.o
                0x08009740                MX_TIM1_Init
 .text.MX_TIM2_Init
                0x080097e4       0x9c ./Src/mx_init.o
                0x080097e4                MX_TIM2_Init
 .text.MX_TIM3_Init
                0x08009880       0x9c ./Src/mx_init.o
                0x08009880                MX_TIM3_Init
 .text.MX_TIM5_Init
                0x0800991c       0xec ./Src/mx_init.o
                0x0800991c                MX_TIM5_Init
 .text.MX_TIM8_Init
                0x08009a08       0xa4 ./Src/mx_init.o
                0x08009a08                MX_TIM8_Init
 .text.MX_TIM12_Init
                0x08009aac       0x88 ./Src/mx_init.o
                0x08009aac                MX_TIM12_Init
 .text.MX_USART1_UART_Init
                0x08009b34       0x60 ./Src/mx_init.o
                0x08009b34                MX_USART1_UART_Init
 .text.MX_USART6_UART_Init
                0x08009b94       0x60 ./Src/mx_init.o
                0x08009b94                MX_USART6_UART_Init
 .text.MX_FMC_Init
                0x08009bf4       0x90 ./Src/mx_init.o
                0x08009bf4                MX_FMC_Init
 .text.MX_GPIO_Init
                0x08009c84      0x61c ./Src/mx_init.o
                0x08009c84                MX_GPIO_Init
 .text.initGpio
                0x0800a2a0       0x44 ./Src/mx_init.o
                0x0800a2a0                initGpio
 .text.Error_Handler
                0x0800a2e4        0x8 ./Src/mx_init.o
                0x0800a2e4                Error_Handler
 .text.wm8994Init
                0x0800a2ec       0x58 ./Src/peripheral.o
                0x0800a2ec                wm8994Init
 .text.HAL_MspInit
                0x0800a344       0x48 ./Src/stm32f7xx_hal_msp.o
                0x0800a344                HAL_MspInit
 .text.HAL_DMA2D_MspInit
                0x0800a38c       0x4c ./Src/stm32f7xx_hal_msp.o
                0x0800a38c                HAL_DMA2D_MspInit
 .text.HAL_I2C_MspInit
                0x0800a3d8       0x88 ./Src/stm32f7xx_hal_msp.o
                0x0800a3d8                HAL_I2C_MspInit
 .text.HAL_I2C_MspDeInit
                0x0800a460       0x3c ./Src/stm32f7xx_hal_msp.o
                0x0800a460                HAL_I2C_MspDeInit
 .text.HAL_LTDC_MspInit
                0x0800a49c      0x190 ./Src/stm32f7xx_hal_msp.o
                0x0800a49c                HAL_LTDC_MspInit
 .text.HAL_TIM_Base_MspInit
                0x0800a62c      0x19c ./Src/stm32f7xx_hal_msp.o
                0x0800a62c                HAL_TIM_Base_MspInit
 .text.HAL_TIM_PWM_MspInit
                0x0800a7c8       0x40 ./Src/stm32f7xx_hal_msp.o
                0x0800a7c8                HAL_TIM_PWM_MspInit
 .text.HAL_TIM_MspPostInit
                0x0800a808       0xbc ./Src/stm32f7xx_hal_msp.o
                0x0800a808                HAL_TIM_MspPostInit
 .text.HAL_UART_MspInit
                0x0800a8c4      0x128 ./Src/stm32f7xx_hal_msp.o
                0x0800a8c4                HAL_UART_MspInit
 .text.HAL_FMC_MspInit
                0x0800a9ec      0x114 ./Src/stm32f7xx_hal_msp.o
 .text.HAL_SDRAM_MspInit
                0x0800ab00       0x14 ./Src/stm32f7xx_hal_msp.o
                0x0800ab00                HAL_SDRAM_MspInit
 .text.HAL_SAI_MspInit
                0x0800ab14       0xd4 ./Src/stm32f7xx_hal_msp.o
                0x0800ab14                HAL_SAI_MspInit
 .text.NMI_Handler
                0x0800abe8        0xe ./Src/stm32f7xx_it.o
                0x0800abe8                NMI_Handler
 .text.HardFault_Handler
                0x0800abf6        0x8 ./Src/stm32f7xx_it.o
                0x0800abf6                HardFault_Handler
 .text.MemManage_Handler
                0x0800abfe        0x8 ./Src/stm32f7xx_it.o
                0x0800abfe                MemManage_Handler
 .text.BusFault_Handler
                0x0800ac06        0x8 ./Src/stm32f7xx_it.o
                0x0800ac06                BusFault_Handler
 .text.UsageFault_Handler
                0x0800ac0e        0x8 ./Src/stm32f7xx_it.o
                0x0800ac0e                UsageFault_Handler
 .text.SVC_Handler
                0x0800ac16        0xe ./Src/stm32f7xx_it.o
                0x0800ac16                SVC_Handler
 .text.DebugMon_Handler
                0x0800ac24        0xe ./Src/stm32f7xx_it.o
                0x0800ac24                DebugMon_Handler
 .text.PendSV_Handler
                0x0800ac32        0xe ./Src/stm32f7xx_it.o
                0x0800ac32                PendSV_Handler
 .text.SysTick_Handler
                0x0800ac40        0xc ./Src/stm32f7xx_it.o
                0x0800ac40                SysTick_Handler
 .text.DMA2D_IRQHandler
                0x0800ac4c       0x14 ./Src/stm32f7xx_it.o
                0x0800ac4c                DMA2D_IRQHandler
 .text.SystemInit
                0x0800ac60       0x6c ./Src/system_stm32f7xx.o
                0x0800ac60                SystemInit
 .text.Reset_Handler
                0x0800accc       0x50 ./Startup/startup_stm32f746nghx.o
                0x0800accc                Reset_Handler
 .text.Default_Handler
                0x0800ad1c        0x2 ./Startup/startup_stm32f746nghx.o
                0x0800ad1c                HASH_RNG_IRQHandler
                0x0800ad1c                EXTI2_IRQHandler
                0x0800ad1c                TIM8_CC_IRQHandler
                0x0800ad1c                UART8_IRQHandler
                0x0800ad1c                SPI4_IRQHandler
                0x0800ad1c                TIM1_CC_IRQHandler
                0x0800ad1c                QuadSPI_IRQHandler
                0x0800ad1c                DMA2_Stream5_IRQHandler
                0x0800ad1c                DMA1_Stream5_IRQHandler
                0x0800ad1c                PVD_IRQHandler
                0x0800ad1c                TAMP_STAMP_IRQHandler
                0x0800ad1c                CAN2_RX1_IRQHandler
                0x0800ad1c                EXTI3_IRQHandler
                0x0800ad1c                TIM8_TRG_COM_TIM14_IRQHandler
                0x0800ad1c                TIM1_UP_TIM10_IRQHandler
                0x0800ad1c                TIM8_UP_TIM13_IRQHandler
                0x0800ad1c                I2C3_ER_IRQHandler
                0x0800ad1c                LCD_TFT_IRQHandler
                0x0800ad1c                EXTI0_IRQHandler
                0x0800ad1c                I2C2_EV_IRQHandler
                0x0800ad1c                DMA1_Stream2_IRQHandler
                0x0800ad1c                CAN1_RX0_IRQHandler
                0x0800ad1c                OTG_HS_WKUP_IRQHandler
                0x0800ad1c                LTDC_ER_IRQHandler
                0x0800ad1c                CAN2_SCE_IRQHandler
                0x0800ad1c                DMA2_Stream2_IRQHandler
                0x0800ad1c                SPI1_IRQHandler
                0x0800ad1c                TIM6_DAC_IRQHandler
                0x0800ad1c                TIM1_BRK_TIM9_IRQHandler
                0x0800ad1c                DCMI_IRQHandler
                0x0800ad1c                CAN2_RX0_IRQHandler
                0x0800ad1c                DMA2_Stream3_IRQHandler
                0x0800ad1c                RTC_ALARM_IRQHandler
                0x0800ad1c                SAI2_IRQHandler
                0x0800ad1c                USART6_IRQHandler
                0x0800ad1c                USART3_IRQHandler
                0x0800ad1c                CRYP_IRQHandler
                0x0800ad1c                CAN1_RX1_IRQHandler
                0x0800ad1c                UART5_IRQHandler
                0x0800ad1c                DMA2_Stream0_IRQHandler
                0x0800ad1c                TIM4_IRQHandler
                0x0800ad1c                I2C1_EV_IRQHandler
                0x0800ad1c                HDMI_CEC_IRQHandler
                0x0800ad1c                DMA1_Stream6_IRQHandler
                0x0800ad1c                DMA1_Stream1_IRQHandler
                0x0800ad1c                UART4_IRQHandler
                0x0800ad1c                TIM3_IRQHandler
                0x0800ad1c                RCC_IRQHandler
                0x0800ad1c                TIM8_BRK_TIM12_IRQHandler
                0x0800ad1c                Default_Handler
                0x0800ad1c                EXTI15_10_IRQHandler
                0x0800ad1c                ADC_IRQHandler
                0x0800ad1c                DMA1_Stream7_IRQHandler
                0x0800ad1c                SPI5_IRQHandler
                0x0800ad1c                LPTimer1_IRQHandler
                0x0800ad1c                TIM7_IRQHandler
                0x0800ad1c                SDMMC1_IRQHandler
                0x0800ad1c                CAN2_TX_IRQHandler
                0x0800ad1c                TIM5_IRQHandler
                0x0800ad1c                DMA2_Stream7_IRQHandler
                0x0800ad1c                I2C3_EV_IRQHandler
                0x0800ad1c                EXTI9_5_IRQHandler
                0x0800ad1c                RTC_WKUP_IRQHandler
                0x0800ad1c                ETH_WKUP_IRQHandler
                0x0800ad1c                SPI2_IRQHandler
                0x0800ad1c                OTG_HS_EP1_IN_IRQHandler
                0x0800ad1c                DMA1_Stream0_IRQHandler
                0x0800ad1c                CAN1_TX_IRQHandler
                0x0800ad1c                EXTI4_IRQHandler
                0x0800ad1c                ETH_IRQHandler
                0x0800ad1c                OTG_HS_EP1_OUT_IRQHandler
                0x0800ad1c                WWDG_IRQHandler
                0x0800ad1c                SPI6_IRQHandler
                0x0800ad1c                I2C4_EV_IRQHandler
                0x0800ad1c                TIM2_IRQHandler
                0x0800ad1c                OTG_FS_WKUP_IRQHandler
                0x0800ad1c                TIM1_TRG_COM_TIM11_IRQHandler
                0x0800ad1c                OTG_HS_IRQHandler
                0x0800ad1c                EXTI1_IRQHandler
                0x0800ad1c                UART7_IRQHandler
                0x0800ad1c                USART2_IRQHandler
                0x0800ad1c                I2C2_ER_IRQHandler
                0x0800ad1c                SPDIFRX_IRQHandler
                0x0800ad1c                DMA2_Stream1_IRQHandler
                0x0800ad1c                CAN1_SCE_IRQHandler
                0x0800ad1c                FLASH_IRQHandler
                0x0800ad1c                DMA2_Stream4_IRQHandler
                0x0800ad1c                USART1_IRQHandler
                0x0800ad1c                OTG_FS_IRQHandler
                0x0800ad1c                SPI3_IRQHandler
                0x0800ad1c                DMA1_Stream4_IRQHandler
                0x0800ad1c                I2C1_ER_IRQHandler
                0x0800ad1c                FMC_IRQHandler
                0x0800ad1c                I2C4_ER_IRQHandler
                0x0800ad1c                DMA2_Stream6_IRQHandler
                0x0800ad1c                SAI1_IRQHandler
                0x0800ad1c                DMA1_Stream3_IRQHandler
 .text.memset   0x0800ad1e       0x10 C:/ST/STM32CubeIDE_1.16.1/STM32CubeIDE/plugins/com.st.stm32cube.ide.mcu.externaltools.gnu-tools-for-stm32.13.3.rel1.win32_1.0.0.202411081344/tools/bin/../lib/gcc/arm-none-eabi/13.3.1/../../../../arm-none-eabi/lib/thumb/v7e-m+fp/hard\libc_nano.a(libc_a-memset.o)
                0x0800ad1e                memset
 *fill*         0x0800ad2e        0x2 
 .text.__libc_init_array
                0x0800ad30       0x48 C:/ST/STM32CubeIDE_1.16.1/STM32CubeIDE/plugins/com.st.stm32cube.ide.mcu.externaltools.gnu-tools-for-stm32.13.3.rel1.win32_1.0.0.202411081344/tools/bin/../lib/gcc/arm-none-eabi/13.3.1/../../../../arm-none-eabi/lib/thumb/v7e-m+fp/hard\libc_nano.a(libc_a-init.o)
                0x0800ad30                __libc_init_array
 .text.memcpy   0x0800ad78       0x1c C:/ST/STM32CubeIDE_1.16.1/STM32CubeIDE/plugins/com.st.stm32cube.ide.mcu.externaltools.gnu-tools-for-stm32.13.3.rel1.win32_1.0.0.202411081344/tools/bin/../lib/gcc/arm-none-eabi/13.3.1/../../../../arm-none-eabi/lib/thumb/v7e-m+fp/hard\libc_nano.a(libc_a-memcpy-stub.o)
                0x0800ad78                memcpy
 .text.sinf     0x0800ad94       0x8c C:/ST/STM32CubeIDE_1.16.1/STM32CubeIDE/plugins/com.st.stm32cube.ide.mcu.externaltools.gnu-tools-for-stm32.13.3.rel1.win32_1.0.0.202411081344/tools/bin/../lib/gcc/arm-none-eabi/13.3.1/../../../../arm-none-eabi/lib/thumb/v7e-m+fp/hard\libm.a(libm_a-sf_sin.o)
                0x0800ad94                sinf
 .text.__kernel_cosf
                0x0800ae20       0xb0 C:/ST/STM32CubeIDE_1.16.1/STM32CubeIDE/plugins/com.st.stm32cube.ide.mcu.externaltools.gnu-tools-for-stm32.13.3.rel1.win32_1.0.0.202411081344/tools/bin/../lib/gcc/arm-none-eabi/13.3.1/../../../../arm-none-eabi/lib/thumb/v7e-m+fp/hard\libm.a(libm_a-kf_cos.o)
                0x0800ae20                __kernel_cosf
 .text.__kernel_sinf
                0x0800aed0       0x90 C:/ST/STM32CubeIDE_1.16.1/STM32CubeIDE/plugins/com.st.stm32cube.ide.mcu.externaltools.gnu-tools-for-stm32.13.3.rel1.win32_1.0.0.202411081344/tools/bin/../lib/gcc/arm-none-eabi/13.3.1/../../../../arm-none-eabi/lib/thumb/v7e-m+fp/hard\libm.a(libm_a-kf_sin.o)
                0x0800aed0                __kernel_sinf
 .text.__ieee754_rem_pio2f
                0x0800af60      0x260 C:/ST/STM32CubeIDE_1.16.1/STM32CubeIDE/plugins/com.st.stm32cube.ide.mcu.externaltools.gnu-tools-for-stm32.13.3.rel1.win32_1.0.0.202411081344/tools/bin/../lib/gcc/arm-none-eabi/13.3.1/../../../../arm-none-eabi/lib/thumb/v7e-m+fp/hard\libm.a(libm_a-ef_rem_pio2.o)
                0x0800af60                __ieee754_rem_pio2f
 .text.fabsf    0x0800b1c0        0xe C:/ST/STM32CubeIDE_1.16.1/STM32CubeIDE/plugins/com.st.stm32cube.ide.mcu.externaltools.gnu-tools-for-stm32.13.3.rel1.win32_1.0.0.202411081344/tools/bin/../lib/gcc/arm-none-eabi/13.3.1/../../../../arm-none-eabi/lib/thumb/v7e-m+fp/hard\libm.a(libm_a-sf_fabs.o)
                0x0800b1c0                fabsf
 *fill*         0x0800b1ce        0x2 
 .text.__kernel_rem_pio2f
                0x0800b1d0      0x4d0 C:/ST/STM32CubeIDE_1.16.1/STM32CubeIDE/plugins/com.st.stm32cube.ide.mcu.externaltools.gnu-tools-for-stm32.13.3.rel1.win32_1.0.0.202411081344/tools/bin/../lib/gcc/arm-none-eabi/13.3.1/../../../../arm-none-eabi/lib/thumb/v7e-m+fp/hard\libm.a(libm_a-kf_rem_pio2.o)
                0x0800b1d0                __kernel_rem_pio2f
 .text.scalbnf  0x0800b6a0       0xcc C:/ST/STM32CubeIDE_1.16.1/STM32CubeIDE/plugins/com.st.stm32cube.ide.mcu.externaltools.gnu-tools-for-stm32.13.3.rel1.win32_1.0.0.202411081344/tools/bin/../lib/gcc/arm-none-eabi/13.3.1/../../../../arm-none-eabi/lib/thumb/v7e-m+fp/hard\libm.a(libm_a-sf_scalbn.o)
                0x0800b6a0                scalbnf
 .text.floorf   0x0800b76c       0x88 C:/ST/STM32CubeIDE_1.16.1/STM32CubeIDE/plugins/com.st.stm32cube.ide.mcu.externaltools.gnu-tools-for-stm32.13.3.rel1.win32_1.0.0.202411081344/tools/bin/../lib/gcc/arm-none-eabi/13.3.1/../../../../arm-none-eabi/lib/thumb/v7e-m+fp/hard\libm.a(libm_a-sf_floor.o)
                0x0800b76c                floorf
 *(.glue_7)
 .glue_7        0x0800b7f4        0x0 linker stubs
 *(.glue_7t)
 .glue_7t       0x0800b7f4        0x0 linker stubs
 *(.eh_frame)
 .eh_frame      0x0800b7f4        0x0 C:/ST/STM32CubeIDE_1.16.1/STM32CubeIDE/plugins/com.st.stm32cube.ide.mcu.externaltools.gnu-tools-for-stm32.13.3.rel1.win32_1.0.0.202411081344/tools/bin/../lib/gcc/arm-none-eabi/13.3.1/thumb/v7e-m+fp/hard/crtbegin.o
 *(.init)
 .init          0x0800b7f4        0x4 C:/ST/STM32CubeIDE_1.16.1/STM32CubeIDE/plugins/com.st.stm32cube.ide.mcu.externaltools.gnu-tools-for-stm32.13.3.rel1.win32_1.0.0.202411081344/tools/bin/../lib/gcc/arm-none-eabi/13.3.1/thumb/v7e-m+fp/hard/crti.o
                0x0800b7f4                _init
 .init          0x0800b7f8        0x8 C:/ST/STM32CubeIDE_1.16.1/STM32CubeIDE/plugins/com.st.stm32cube.ide.mcu.externaltools.gnu-tools-for-stm32.13.3.rel1.win32_1.0.0.202411081344/tools/bin/../lib/gcc/arm-none-eabi/13.3.1/thumb/v7e-m+fp/hard/crtn.o
 *(.fini)
 .fini          0x0800b800        0x4 C:/ST/STM32CubeIDE_1.16.1/STM32CubeIDE/plugins/com.st.stm32cube.ide.mcu.externaltools.gnu-tools-for-stm32.13.3.rel1.win32_1.0.0.202411081344/tools/bin/../lib/gcc/arm-none-eabi/13.3.1/thumb/v7e-m+fp/hard/crti.o
                0x0800b800                _fini
 .fini          0x0800b804        0x8 C:/ST/STM32CubeIDE_1.16.1/STM32CubeIDE/plugins/com.st.stm32cube.ide.mcu.externaltools.gnu-tools-for-stm32.13.3.rel1.win32_1.0.0.202411081344/tools/bin/../lib/gcc/arm-none-eabi/13.3.1/thumb/v7e-m+fp/hard/crtn.o
                0x0800b80c                        . = ALIGN (0x4)
                0x0800b80c                        _etext = .

.vfp11_veneer   0x0800b80c        0x0
 .vfp11_veneer  0x0800b80c        0x0 linker stubs

.v4_bx          0x0800b80c        0x0
 .v4_bx         0x0800b80c        0x0 linker stubs

.iplt           0x0800b80c        0x0
 .iplt          0x0800b80c        0x0 C:/ST/STM32CubeIDE_1.16.1/STM32CubeIDE/plugins/com.st.stm32cube.ide.mcu.externaltools.gnu-tools-for-stm32.13.3.rel1.win32_1.0.0.202411081344/tools/bin/../lib/gcc/arm-none-eabi/13.3.1/thumb/v7e-m+fp/hard/crtbegin.o

.rodata         0x0800b80c     0x5414
                0x0800b80c                        . = ALIGN (0x4)
 *(.rodata)
 .rodata        0x0800b80c       0x36 ./Src/lcd_start_page.o
 *fill*         0x0800b842        0x2 
 .rodata        0x0800b844      0x108 ./Src/main.o
 *(.rodata*)
 .rodata.Font24_Table
                0x0800b94c     0x1ab8 ./Drivers/BSP/STM32746G-Discovery/stm32746g_discovery_lcd.o
                0x0800b94c                Font24_Table
 .rodata.Font16_Table
                0x0800d404      0xbe0 ./Drivers/BSP/STM32746G-Discovery/stm32746g_discovery_lcd.o
                0x0800d404                Font16_Table
 .rodata.Font12_Table
                0x0800dfe4      0x474 ./Drivers/BSP/STM32746G-Discovery/stm32746g_discovery_lcd.o
                0x0800dfe4                Font12_Table
 .rodata.flagBitshiftOffset.0
                0x0800e458        0x8 ./Drivers/STM32F7xx_HAL_Driver/Src/stm32f7xx_hal_dma.o
 .rodata.stlogo
                0x0800e460     0x23d6 ./Src/lcd_start_page.o
                0x0800e460                stlogo
 *fill*         0x08010836        0x2 
 .rodata.AHBPrescTable
                0x08010838       0x10 ./Src/system_stm32f7xx.o
                0x08010838                AHBPrescTable
 .rodata.APBPrescTable
                0x08010848        0x8 ./Src/system_stm32f7xx.o
                0x08010848                APBPrescTable
 .rodata.npio2_hw
                0x08010850       0x80 C:/ST/STM32CubeIDE_1.16.1/STM32CubeIDE/plugins/com.st.stm32cube.ide.mcu.externaltools.gnu-tools-for-stm32.13.3.rel1.win32_1.0.0.202411081344/tools/bin/../lib/gcc/arm-none-eabi/13.3.1/../../../../arm-none-eabi/lib/thumb/v7e-m+fp/hard\libm.a(libm_a-ef_rem_pio2.o)
 .rodata.two_over_pi
                0x080108d0      0x318 C:/ST/STM32CubeIDE_1.16.1/STM32CubeIDE/plugins/com.st.stm32cube.ide.mcu.externaltools.gnu-tools-for-stm32.13.3.rel1.win32_1.0.0.202411081344/tools/bin/../lib/gcc/arm-none-eabi/13.3.1/../../../../arm-none-eabi/lib/thumb/v7e-m+fp/hard\libm.a(libm_a-ef_rem_pio2.o)
 .rodata.PIo2   0x08010be8       0x2c C:/ST/STM32CubeIDE_1.16.1/STM32CubeIDE/plugins/com.st.stm32cube.ide.mcu.externaltools.gnu-tools-for-stm32.13.3.rel1.win32_1.0.0.202411081344/tools/bin/../lib/gcc/arm-none-eabi/13.3.1/../../../../arm-none-eabi/lib/thumb/v7e-m+fp/hard\libm.a(libm_a-kf_rem_pio2.o)
 .rodata.init_jk
                0x08010c14        0xc C:/ST/STM32CubeIDE_1.16.1/STM32CubeIDE/plugins/com.st.stm32cube.ide.mcu.externaltools.gnu-tools-for-stm32.13.3.rel1.win32_1.0.0.202411081344/tools/bin/../lib/gcc/arm-none-eabi/13.3.1/../../../../arm-none-eabi/lib/thumb/v7e-m+fp/hard\libm.a(libm_a-kf_rem_pio2.o)
                0x08010c20                        . = ALIGN (0x4)

.ARM.extab      0x08010c20        0x0
                0x08010c20                        . = ALIGN (0x4)
 *(.ARM.extab* .gnu.linkonce.armextab.*)
                0x08010c20                        . = ALIGN (0x4)

.ARM            0x08010c20        0x8
                0x08010c20                        . = ALIGN (0x4)
                0x08010c20                        __exidx_start = .
 *(.ARM.exidx*)
 .ARM.exidx     0x08010c20        0x8 C:/ST/STM32CubeIDE_1.16.1/STM32CubeIDE/plugins/com.st.stm32cube.ide.mcu.externaltools.gnu-tools-for-stm32.13.3.rel1.win32_1.0.0.202411081344/tools/bin/../lib/gcc/arm-none-eabi/13.3.1/thumb/v7e-m+fp/hard\libgcc.a(_udivmoddi4.o)
                0x08010c28                        __exidx_end = .
                0x08010c28                        . = ALIGN (0x4)

.rel.dyn        0x08010c28        0x0
 .rel.iplt      0x08010c28        0x0 C:/ST/STM32CubeIDE_1.16.1/STM32CubeIDE/plugins/com.st.stm32cube.ide.mcu.externaltools.gnu-tools-for-stm32.13.3.rel1.win32_1.0.0.202411081344/tools/bin/../lib/gcc/arm-none-eabi/13.3.1/thumb/v7e-m+fp/hard/crtbegin.o

.preinit_array  0x08010c28        0x0
                0x08010c28                        . = ALIGN (0x4)
                0x08010c28                        PROVIDE (__preinit_array_start = .)
 *(.preinit_array*)
                0x08010c28                        PROVIDE (__preinit_array_end = .)
                0x08010c28                        . = ALIGN (0x4)

.init_array     0x08010c28        0x4
                0x08010c28                        . = ALIGN (0x4)
                0x08010c28                        PROVIDE (__init_array_start = .)
 *(SORT_BY_NAME(.init_array.*))
 *(.init_array*)
 .init_array    0x08010c28        0x4 C:/ST/STM32CubeIDE_1.16.1/STM32CubeIDE/plugins/com.st.stm32cube.ide.mcu.externaltools.gnu-tools-for-stm32.13.3.rel1.win32_1.0.0.202411081344/tools/bin/../lib/gcc/arm-none-eabi/13.3.1/thumb/v7e-m+fp/hard/crtbegin.o
                0x08010c2c                        PROVIDE (__init_array_end = .)
                0x08010c2c                        . = ALIGN (0x4)

.fini_array     0x08010c2c        0x4
                0x08010c2c                        . = ALIGN (0x4)
                [!provide]                        PROVIDE (__fini_array_start = .)
 *(SORT_BY_NAME(.fini_array.*))
 *(.fini_array*)
 .fini_array    0x08010c2c        0x4 C:/ST/STM32CubeIDE_1.16.1/STM32CubeIDE/plugins/com.st.stm32cube.ide.mcu.externaltools.gnu-tools-for-stm32.13.3.rel1.win32_1.0.0.202411081344/tools/bin/../lib/gcc/arm-none-eabi/13.3.1/thumb/v7e-m+fp/hard/crtbegin.o
                [!provide]                        PROVIDE (__fini_array_end = .)
                0x08010c30                        . = ALIGN (0x4)
                0x08010c30                        _sidata = LOADADDR (.data)

.data           0x20000000       0x5c load address 0x08010c30
                0x20000000                        . = ALIGN (0x4)
                0x20000000                        _sdata = .
 *(.data)
 *(.data*)
 .data.wm8994_drv
                0x20000000       0x30 ./Drivers/BSP/Components/wm8994/wm8994.o
                0x20000000                wm8994_drv
 .data.ColdStartup
                0x20000030        0x1 ./Drivers/BSP/Components/wm8994/wm8994.o
 *fill*         0x20000031        0x3 
 .data.Font24   0x20000034        0x8 ./Drivers/BSP/STM32746G-Discovery/stm32746g_discovery_lcd.o
                0x20000034                Font24
 .data.Font16   0x2000003c        0x8 ./Drivers/BSP/STM32746G-Discovery/stm32746g_discovery_lcd.o
                0x2000003c                Font16
 .data.Font12   0x20000044        0x8 ./Drivers/BSP/STM32746G-Discovery/stm32746g_discovery_lcd.o
                0x20000044                Font12
 .data.sdramstatus.3
                0x2000004c        0x1 ./Drivers/BSP/STM32746G-Discovery/stm32746g_discovery_sdram.o
 *fill*         0x2000004d        0x3 
 .data.uwTickPrio
                0x20000050        0x4 ./Drivers/STM32F7xx_HAL_Driver/Src/stm32f7xx_hal.o
                0x20000050                uwTickPrio
 .data.uwTickFreq
                0x20000054        0x1 ./Drivers/STM32F7xx_HAL_Driver/Src/stm32f7xx_hal.o
                0x20000054                uwTickFreq
 *fill*         0x20000055        0x3 
 .data.SystemCoreClock
                0x20000058        0x4 ./Src/system_stm32f7xx.o
                0x20000058                SystemCoreClock
 *(.RamFunc)
 *(.RamFunc*)
                0x2000005c                        . = ALIGN (0x4)
                0x2000005c                        _edata = .

.igot.plt       0x2000005c        0x0 load address 0x08010c8c
 .igot.plt      0x2000005c        0x0 C:/ST/STM32CubeIDE_1.16.1/STM32CubeIDE/plugins/com.st.stm32cube.ide.mcu.externaltools.gnu-tools-for-stm32.13.3.rel1.win32_1.0.0.202411081344/tools/bin/../lib/gcc/arm-none-eabi/13.3.1/thumb/v7e-m+fp/hard/crtbegin.o
                0x2000005c                        . = ALIGN (0x4)

.bss            0x2000005c     0x8498 load address 0x08010c8c
                0x2000005c                        _sbss = .
                0x2000005c                        __bss_start__ = _sbss
 *(.bss)
 .bss           0x2000005c       0x1c C:/ST/STM32CubeIDE_1.16.1/STM32CubeIDE/plugins/com.st.stm32cube.ide.mcu.externaltools.gnu-tools-for-stm32.13.3.rel1.win32_1.0.0.202411081344/tools/bin/../lib/gcc/arm-none-eabi/13.3.1/thumb/v7e-m+fp/hard/crtbegin.o
 *(.bss*)
 .bss.outputEnabled
                0x20000078        0x4 ./Drivers/BSP/Components/wm8994/wm8994.o
 .bss.inputEnabled
                0x2000007c        0x4 ./Drivers/BSP/Components/wm8994/wm8994.o
 .bss.hI2cAudioHandler
                0x20000080       0x4c ./Drivers/BSP/STM32746G-Discovery/stm32746g_discovery.o
 .bss.audio_drv
                0x200000cc        0x4 ./Drivers/BSP/STM32746G-Discovery/stm32746g_discovery_audio.o
                0x200000cc                audio_drv
 .bss.hLtdcHandler
                0x200000d0       0xa8 ./Drivers/BSP/STM32746G-Discovery/stm32746g_discovery_lcd.o
                0x200000d0                hLtdcHandler
 .bss.hDma2dHandler
                0x20000178       0x40 ./Drivers/BSP/STM32746G-Discovery/stm32746g_discovery_lcd.o
 .bss.ActiveLayer
                0x200001b8        0x4 ./Drivers/BSP/STM32746G-Discovery/stm32746g_discovery_lcd.o
 .bss.DrawProp  0x200001bc       0x18 ./Drivers/BSP/STM32746G-Discovery/stm32746g_discovery_lcd.o
 .bss.periph_clk_init_struct.0
                0x200001d4       0x84 ./Drivers/BSP/STM32746G-Discovery/stm32746g_discovery_lcd.o
 .bss.sdramHandle
                0x20000258       0x34 ./Drivers/BSP/STM32746G-Discovery/stm32746g_discovery_sdram.o
                0x20000258                sdramHandle
 .bss.Timing    0x2000028c       0x1c ./Drivers/BSP/STM32746G-Discovery/stm32746g_discovery_sdram.o
 .bss.Command   0x200002a8       0x10 ./Drivers/BSP/STM32746G-Discovery/stm32746g_discovery_sdram.o
 .bss.dma_handle.1
                0x200002b8       0x60 ./Drivers/BSP/STM32746G-Discovery/stm32746g_discovery_sdram.o
 .bss.uwTick    0x20000318        0x4 ./Drivers/STM32F7xx_HAL_Driver/Src/stm32f7xx_hal.o
                0x20000318                uwTick
 .bss.sinusTable
                0x2000031c     0x7d00 ./Src/main.o
                0x2000031c                sinusTable
 .bss.hdma2d    0x2000801c       0x40 ./Src/mx_init.o
                0x2000801c                hdma2d
 .bss.hi2c3     0x2000805c       0x4c ./Src/mx_init.o
                0x2000805c                hi2c3
 .bss.hltdc     0x200080a8       0xa8 ./Src/mx_init.o
                0x200080a8                hltdc
 .bss.hsai_BlockA2
                0x20008150       0x84 ./Src/mx_init.o
                0x20008150                hsai_BlockA2
 .bss.hsai_BlockB2
                0x200081d4       0x84 ./Src/mx_init.o
                0x200081d4                hsai_BlockB2
 .bss.htim1     0x20008258       0x40 ./Src/mx_init.o
                0x20008258                htim1
 .bss.htim2     0x20008298       0x40 ./Src/mx_init.o
                0x20008298                htim2
 .bss.htim3     0x200082d8       0x40 ./Src/mx_init.o
                0x200082d8                htim3
 .bss.htim5     0x20008318       0x40 ./Src/mx_init.o
                0x20008318                htim5
 .bss.htim8     0x20008358       0x40 ./Src/mx_init.o
                0x20008358                htim8
 .bss.htim12    0x20008398       0x40 ./Src/mx_init.o
                0x20008398                htim12
 .bss.huart1    0x200083d8       0x70 ./Src/mx_init.o
                0x200083d8                huart1
 .bss.huart6    0x20008448       0x70 ./Src/mx_init.o
                0x20008448                huart6
 .bss.hsdram1   0x200084b8       0x34 ./Src/mx_init.o
                0x200084b8                hsdram1
 .bss.FMC_Initialized
                0x200084ec        0x4 ./Src/stm32f7xx_hal_msp.o
 .bss.SAI2_client
                0x200084f0        0x4 ./Src/stm32f7xx_hal_msp.o
 *(COMMON)
                0x200084f4                        . = ALIGN (0x4)
                0x200084f4                        _ebss = .
                0x200084f4                        __bss_end__ = _ebss

._user_heap_stack
                0x200084f4      0x604 load address 0x08010c8c
                0x200084f8                        . = ALIGN (0x8)
 *fill*         0x200084f4        0x4 
                [!provide]                        PROVIDE (end = .)
                0x200084f8                        PROVIDE (_end = .)
                0x200086f8                        . = (. + _Min_Heap_Size)
 *fill*         0x200084f8      0x200 
                0x20008af8                        . = (. + _Min_Stack_Size)
 *fill*         0x200086f8      0x400 
                0x20008af8                        . = ALIGN (0x8)

/DISCARD/
 libc.a(*)
 libm.a(*)
 libgcc.a(*)

.ARM.attributes
                0x00000000       0x30
 *(.ARM.attributes)
 .ARM.attributes
                0x00000000       0x22 C:/ST/STM32CubeIDE_1.16.1/STM32CubeIDE/plugins/com.st.stm32cube.ide.mcu.externaltools.gnu-tools-for-stm32.13.3.rel1.win32_1.0.0.202411081344/tools/bin/../lib/gcc/arm-none-eabi/13.3.1/thumb/v7e-m+fp/hard/crti.o
 .ARM.attributes
                0x00000022       0x34 C:/ST/STM32CubeIDE_1.16.1/STM32CubeIDE/plugins/com.st.stm32cube.ide.mcu.externaltools.gnu-tools-for-stm32.13.3.rel1.win32_1.0.0.202411081344/tools/bin/../lib/gcc/arm-none-eabi/13.3.1/thumb/v7e-m+fp/hard/crtbegin.o
 .ARM.attributes
                0x00000056       0x34 ./Drivers/BSP/Components/wm8994/wm8994.o
 .ARM.attributes
                0x0000008a       0x34 ./Drivers/BSP/STM32746G-Discovery/stm32746g_discovery.o
 .ARM.attributes
                0x000000be       0x34 ./Drivers/BSP/STM32746G-Discovery/stm32746g_discovery_audio.o
 .ARM.attributes
                0x000000f2       0x34 ./Drivers/BSP/STM32746G-Discovery/stm32746g_discovery_lcd.o
 .ARM.attributes
                0x00000126       0x34 ./Drivers/BSP/STM32746G-Discovery/stm32746g_discovery_sdram.o
 .ARM.attributes
                0x0000015a       0x34 ./Drivers/STM32F7xx_HAL_Driver/Src/stm32f7xx_hal.o
 .ARM.attributes
                0x0000018e       0x34 ./Drivers/STM32F7xx_HAL_Driver/Src/stm32f7xx_hal_cortex.o
 .ARM.attributes
                0x000001c2       0x34 ./Drivers/STM32F7xx_HAL_Driver/Src/stm32f7xx_hal_dma.o
 .ARM.attributes
                0x000001f6       0x34 ./Drivers/STM32F7xx_HAL_Driver/Src/stm32f7xx_hal_dma2d.o
 .ARM.attributes
                0x0000022a       0x34 ./Drivers/STM32F7xx_HAL_Driver/Src/stm32f7xx_hal_gpio.o
 .ARM.attributes
                0x0000025e       0x34 ./Drivers/STM32F7xx_HAL_Driver/Src/stm32f7xx_hal_i2c.o
 .ARM.attributes
                0x00000292       0x34 ./Drivers/STM32F7xx_HAL_Driver/Src/stm32f7xx_hal_i2c_ex.o
 .ARM.attributes
                0x000002c6       0x34 ./Drivers/STM32F7xx_HAL_Driver/Src/stm32f7xx_hal_ltdc.o
 .ARM.attributes
                0x000002fa       0x34 ./Drivers/STM32F7xx_HAL_Driver/Src/stm32f7xx_hal_pwr.o
 .ARM.attributes
                0x0000032e       0x34 ./Drivers/STM32F7xx_HAL_Driver/Src/stm32f7xx_hal_pwr_ex.o
 .ARM.attributes
                0x00000362       0x34 ./Drivers/STM32F7xx_HAL_Driver/Src/stm32f7xx_hal_rcc.o
 .ARM.attributes
                0x00000396       0x34 ./Drivers/STM32F7xx_HAL_Driver/Src/stm32f7xx_hal_rcc_ex.o
 .ARM.attributes
                0x000003ca       0x34 ./Drivers/STM32F7xx_HAL_Driver/Src/stm32f7xx_hal_sai.o
 .ARM.attributes
                0x000003fe       0x34 ./Drivers/STM32F7xx_HAL_Driver/Src/stm32f7xx_hal_sdram.o
 .ARM.attributes
                0x00000432       0x34 ./Drivers/STM32F7xx_HAL_Driver/Src/stm32f7xx_hal_tim.o
 .ARM.attributes
                0x00000466       0x34 ./Drivers/STM32F7xx_HAL_Driver/Src/stm32f7xx_hal_tim_ex.o
 .ARM.attributes
                0x0000049a       0x34 ./Drivers/STM32F7xx_HAL_Driver/Src/stm32f7xx_hal_uart.o
 .ARM.attributes
                0x000004ce       0x34 ./Drivers/STM32F7xx_HAL_Driver/Src/stm32f7xx_ll_fmc.o
 .ARM.attributes
                0x00000502       0x34 ./Src/lcd_start_page.o
 .ARM.attributes
                0x00000536       0x34 ./Src/main.o
 .ARM.attributes
                0x0000056a       0x34 ./Src/mx_init.o
 .ARM.attributes
                0x0000059e       0x34 ./Src/peripheral.o
 .ARM.attributes
                0x000005d2       0x34 ./Src/stm32f7xx_hal_msp.o
 .ARM.attributes
                0x00000606       0x34 ./Src/stm32f7xx_it.o
 .ARM.attributes
                0x0000063a       0x34 ./Src/system_stm32f7xx.o
 .ARM.attributes
                0x0000066e       0x21 ./Startup/startup_stm32f746nghx.o
 .ARM.attributes
                0x0000068f       0x34 C:/ST/STM32CubeIDE_1.16.1/STM32CubeIDE/plugins/com.st.stm32cube.ide.mcu.externaltools.gnu-tools-for-stm32.13.3.rel1.win32_1.0.0.202411081344/tools/bin/../lib/gcc/arm-none-eabi/13.3.1/../../../../arm-none-eabi/lib/thumb/v7e-m+fp/hard\libc_nano.a(libc_a-memset.o)
 .ARM.attributes
                0x000006c3       0x34 C:/ST/STM32CubeIDE_1.16.1/STM32CubeIDE/plugins/com.st.stm32cube.ide.mcu.externaltools.gnu-tools-for-stm32.13.3.rel1.win32_1.0.0.202411081344/tools/bin/../lib/gcc/arm-none-eabi/13.3.1/../../../../arm-none-eabi/lib/thumb/v7e-m+fp/hard\libc_nano.a(libc_a-init.o)
 .ARM.attributes
                0x000006f7       0x34 C:/ST/STM32CubeIDE_1.16.1/STM32CubeIDE/plugins/com.st.stm32cube.ide.mcu.externaltools.gnu-tools-for-stm32.13.3.rel1.win32_1.0.0.202411081344/tools/bin/../lib/gcc/arm-none-eabi/13.3.1/../../../../arm-none-eabi/lib/thumb/v7e-m+fp/hard\libc_nano.a(libc_a-memcpy-stub.o)
 .ARM.attributes
                0x0000072b       0x34 C:/ST/STM32CubeIDE_1.16.1/STM32CubeIDE/plugins/com.st.stm32cube.ide.mcu.externaltools.gnu-tools-for-stm32.13.3.rel1.win32_1.0.0.202411081344/tools/bin/../lib/gcc/arm-none-eabi/13.3.1/../../../../arm-none-eabi/lib/thumb/v7e-m+fp/hard\libm.a(libm_a-sf_sin.o)
 .ARM.attributes
                0x0000075f       0x34 C:/ST/STM32CubeIDE_1.16.1/STM32CubeIDE/plugins/com.st.stm32cube.ide.mcu.externaltools.gnu-tools-for-stm32.13.3.rel1.win32_1.0.0.202411081344/tools/bin/../lib/gcc/arm-none-eabi/13.3.1/../../../../arm-none-eabi/lib/thumb/v7e-m+fp/hard\libm.a(libm_a-kf_cos.o)
 .ARM.attributes
                0x00000793       0x34 C:/ST/STM32CubeIDE_1.16.1/STM32CubeIDE/plugins/com.st.stm32cube.ide.mcu.externaltools.gnu-tools-for-stm32.13.3.rel1.win32_1.0.0.202411081344/tools/bin/../lib/gcc/arm-none-eabi/13.3.1/../../../../arm-none-eabi/lib/thumb/v7e-m+fp/hard\libm.a(libm_a-kf_sin.o)
 .ARM.attributes
                0x000007c7       0x34 C:/ST/STM32CubeIDE_1.16.1/STM32CubeIDE/plugins/com.st.stm32cube.ide.mcu.externaltools.gnu-tools-for-stm32.13.3.rel1.win32_1.0.0.202411081344/tools/bin/../lib/gcc/arm-none-eabi/13.3.1/../../../../arm-none-eabi/lib/thumb/v7e-m+fp/hard\libm.a(libm_a-ef_rem_pio2.o)
 .ARM.attributes
                0x000007fb       0x34 C:/ST/STM32CubeIDE_1.16.1/STM32CubeIDE/plugins/com.st.stm32cube.ide.mcu.externaltools.gnu-tools-for-stm32.13.3.rel1.win32_1.0.0.202411081344/tools/bin/../lib/gcc/arm-none-eabi/13.3.1/../../../../arm-none-eabi/lib/thumb/v7e-m+fp/hard\libm.a(libm_a-sf_fabs.o)
 .ARM.attributes
                0x0000082f       0x34 C:/ST/STM32CubeIDE_1.16.1/STM32CubeIDE/plugins/com.st.stm32cube.ide.mcu.externaltools.gnu-tools-for-stm32.13.3.rel1.win32_1.0.0.202411081344/tools/bin/../lib/gcc/arm-none-eabi/13.3.1/../../../../arm-none-eabi/lib/thumb/v7e-m+fp/hard\libm.a(libm_a-kf_rem_pio2.o)
 .ARM.attributes
                0x00000863       0x34 C:/ST/STM32CubeIDE_1.16.1/STM32CubeIDE/plugins/com.st.stm32cube.ide.mcu.externaltools.gnu-tools-for-stm32.13.3.rel1.win32_1.0.0.202411081344/tools/bin/../lib/gcc/arm-none-eabi/13.3.1/../../../../arm-none-eabi/lib/thumb/v7e-m+fp/hard\libm.a(libm_a-sf_scalbn.o)
 .ARM.attributes
                0x00000897       0x34 C:/ST/STM32CubeIDE_1.16.1/STM32CubeIDE/plugins/com.st.stm32cube.ide.mcu.externaltools.gnu-tools-for-stm32.13.3.rel1.win32_1.0.0.202411081344/tools/bin/../lib/gcc/arm-none-eabi/13.3.1/../../../../arm-none-eabi/lib/thumb/v7e-m+fp/hard\libm.a(libm_a-sf_floor.o)
 .ARM.attributes
                0x000008cb       0x22 C:/ST/STM32CubeIDE_1.16.1/STM32CubeIDE/plugins/com.st.stm32cube.ide.mcu.externaltools.gnu-tools-for-stm32.13.3.rel1.win32_1.0.0.202411081344/tools/bin/../lib/gcc/arm-none-eabi/13.3.1/thumb/v7e-m+fp/hard\libgcc.a(_arm_addsubdf3.o)
 .ARM.attributes
                0x000008ed       0x22 C:/ST/STM32CubeIDE_1.16.1/STM32CubeIDE/plugins/com.st.stm32cube.ide.mcu.externaltools.gnu-tools-for-stm32.13.3.rel1.win32_1.0.0.202411081344/tools/bin/../lib/gcc/arm-none-eabi/13.3.1/thumb/v7e-m+fp/hard\libgcc.a(_arm_muldivdf3.o)
 .ARM.attributes
                0x0000090f       0x22 C:/ST/STM32CubeIDE_1.16.1/STM32CubeIDE/plugins/com.st.stm32cube.ide.mcu.externaltools.gnu-tools-for-stm32.13.3.rel1.win32_1.0.0.202411081344/tools/bin/../lib/gcc/arm-none-eabi/13.3.1/thumb/v7e-m+fp/hard\libgcc.a(_arm_fixdfsi.o)
 .ARM.attributes
                0x00000931       0x22 C:/ST/STM32CubeIDE_1.16.1/STM32CubeIDE/plugins/com.st.stm32cube.ide.mcu.externaltools.gnu-tools-for-stm32.13.3.rel1.win32_1.0.0.202411081344/tools/bin/../lib/gcc/arm-none-eabi/13.3.1/thumb/v7e-m+fp/hard\libgcc.a(_arm_truncdfsf2.o)
 .ARM.attributes
                0x00000953       0x22 C:/ST/STM32CubeIDE_1.16.1/STM32CubeIDE/plugins/com.st.stm32cube.ide.mcu.externaltools.gnu-tools-for-stm32.13.3.rel1.win32_1.0.0.202411081344/tools/bin/../lib/gcc/arm-none-eabi/13.3.1/thumb/v7e-m+fp/hard\libgcc.a(_aeabi_uldivmod.o)
 .ARM.attributes
                0x00000975       0x34 C:/ST/STM32CubeIDE_1.16.1/STM32CubeIDE/plugins/com.st.stm32cube.ide.mcu.externaltools.gnu-tools-for-stm32.13.3.rel1.win32_1.0.0.202411081344/tools/bin/../lib/gcc/arm-none-eabi/13.3.1/thumb/v7e-m+fp/hard\libgcc.a(_udivmoddi4.o)
 .ARM.attributes
                0x000009a9       0x22 C:/ST/STM32CubeIDE_1.16.1/STM32CubeIDE/plugins/com.st.stm32cube.ide.mcu.externaltools.gnu-tools-for-stm32.13.3.rel1.win32_1.0.0.202411081344/tools/bin/../lib/gcc/arm-none-eabi/13.3.1/thumb/v7e-m+fp/hard\libgcc.a(_dvmd_tls.o)
 .ARM.attributes
                0x000009cb       0x22 C:/ST/STM32CubeIDE_1.16.1/STM32CubeIDE/plugins/com.st.stm32cube.ide.mcu.externaltools.gnu-tools-for-stm32.13.3.rel1.win32_1.0.0.202411081344/tools/bin/../lib/gcc/arm-none-eabi/13.3.1/thumb/v7e-m+fp/hard/crtn.o
OUTPUT(Template_TP_DSP.elf elf32-littlearm)
LOAD linker stubs
LOAD C:/ST/STM32CubeIDE_1.16.1/STM32CubeIDE/plugins/com.st.stm32cube.ide.mcu.externaltools.gnu-tools-for-stm32.13.3.rel1.win32_1.0.0.202411081344/tools/bin/../lib/gcc/arm-none-eabi/13.3.1/../../../../arm-none-eabi/lib/thumb/v7e-m+fp/hard\libc.a
LOAD C:/ST/STM32CubeIDE_1.16.1/STM32CubeIDE/plugins/com.st.stm32cube.ide.mcu.externaltools.gnu-tools-for-stm32.13.3.rel1.win32_1.0.0.202411081344/tools/bin/../lib/gcc/arm-none-eabi/13.3.1/../../../../arm-none-eabi/lib/thumb/v7e-m+fp/hard\libm.a
LOAD C:/ST/STM32CubeIDE_1.16.1/STM32CubeIDE/plugins/com.st.stm32cube.ide.mcu.externaltools.gnu-tools-for-stm32.13.3.rel1.win32_1.0.0.202411081344/tools/bin/../lib/gcc/arm-none-eabi/13.3.1/thumb/v7e-m+fp/hard\libgcc.a

.debug_info     0x00000000    0x1e02a
 .debug_info    0x00000000      0x60a ./Drivers/BSP/Components/wm8994/wm8994.o
 .debug_info    0x0000060a     0x1ae1 ./Drivers/BSP/STM32746G-Discovery/stm32746g_discovery.o
 .debug_info    0x000020eb     0x1c8b ./Drivers/BSP/STM32746G-Discovery/stm32746g_discovery_audio.o
 .debug_info    0x00003d76     0x2514 ./Drivers/BSP/STM32746G-Discovery/stm32746g_discovery_lcd.o
 .debug_info    0x0000628a     0x1064 ./Drivers/BSP/STM32746G-Discovery/stm32746g_discovery_sdram.o
 .debug_info    0x000072ee      0xa2f ./Drivers/STM32F7xx_HAL_Driver/Src/stm32f7xx_hal.o
 .debug_info    0x00007d1d      0xf44 ./Drivers/STM32F7xx_HAL_Driver/Src/stm32f7xx_hal_cortex.o
 .debug_info    0x00008c61      0x8ee ./Drivers/STM32F7xx_HAL_Driver/Src/stm32f7xx_hal_dma.o
 .debug_info    0x0000954f      0xdc9 ./Drivers/STM32F7xx_HAL_Driver/Src/stm32f7xx_hal_dma2d.o
 .debug_info    0x0000a318      0x6dc ./Drivers/STM32F7xx_HAL_Driver/Src/stm32f7xx_hal_gpio.o
 .debug_info    0x0000a9f4     0x1ba8 ./Drivers/STM32F7xx_HAL_Driver/Src/stm32f7xx_hal_i2c.o
 .debug_info    0x0000c59c      0x692 ./Drivers/STM32F7xx_HAL_Driver/Src/stm32f7xx_hal_i2c_ex.o
 .debug_info    0x0000cc2e     0x1007 ./Drivers/STM32F7xx_HAL_Driver/Src/stm32f7xx_hal_ltdc.o
 .debug_info    0x0000dc35      0x9c2 ./Drivers/STM32F7xx_HAL_Driver/Src/stm32f7xx_hal_pwr.o
 .debug_info    0x0000e5f7      0x907 ./Drivers/STM32F7xx_HAL_Driver/Src/stm32f7xx_hal_pwr_ex.o
 .debug_info    0x0000eefe      0x8c5 ./Drivers/STM32F7xx_HAL_Driver/Src/stm32f7xx_hal_rcc.o
 .debug_info    0x0000f7c3      0x6c4 ./Drivers/STM32F7xx_HAL_Driver/Src/stm32f7xx_hal_rcc_ex.o
 .debug_info    0x0000fe87     0x112a ./Drivers/STM32F7xx_HAL_Driver/Src/stm32f7xx_hal_sai.o
 .debug_info    0x00010fb1      0xd36 ./Drivers/STM32F7xx_HAL_Driver/Src/stm32f7xx_hal_sdram.o
 .debug_info    0x00011ce7     0x227f ./Drivers/STM32F7xx_HAL_Driver/Src/stm32f7xx_hal_tim.o
 .debug_info    0x00013f66     0x137d ./Drivers/STM32F7xx_HAL_Driver/Src/stm32f7xx_hal_tim_ex.o
 .debug_info    0x000152e3     0x1367 ./Drivers/STM32F7xx_HAL_Driver/Src/stm32f7xx_hal_uart.o
 .debug_info    0x0001664a      0xc46 ./Drivers/STM32F7xx_HAL_Driver/Src/stm32f7xx_ll_fmc.o
 .debug_info    0x00017290      0x2a8 ./Src/lcd_start_page.o
 .debug_info    0x00017538      0xf58 ./Src/main.o
 .debug_info    0x00018490     0x2692 ./Src/mx_init.o
 .debug_info    0x0001ab22      0x234 ./Src/peripheral.o
 .debug_info    0x0001ad56     0x238f ./Src/stm32f7xx_hal_msp.o
 .debug_info    0x0001d0e5      0x821 ./Src/stm32f7xx_it.o
 .debug_info    0x0001d906      0x6f4 ./Src/system_stm32f7xx.o
 .debug_info    0x0001dffa       0x30 ./Startup/startup_stm32f746nghx.o

.debug_abbrev   0x00000000     0x4244
 .debug_abbrev  0x00000000      0x1af ./Drivers/BSP/Components/wm8994/wm8994.o
 .debug_abbrev  0x000001af      0x305 ./Drivers/BSP/STM32746G-Discovery/stm32746g_discovery.o
 .debug_abbrev  0x000004b4      0x379 ./Drivers/BSP/STM32746G-Discovery/stm32746g_discovery_audio.o
 .debug_abbrev  0x0000082d      0x31b ./Drivers/BSP/STM32746G-Discovery/stm32746g_discovery_lcd.o
 .debug_abbrev  0x00000b48      0x27e ./Drivers/BSP/STM32746G-Discovery/stm32746g_discovery_sdram.o
 .debug_abbrev  0x00000dc6      0x217 ./Drivers/STM32F7xx_HAL_Driver/Src/stm32f7xx_hal.o
 .debug_abbrev  0x00000fdd      0x30d ./Drivers/STM32F7xx_HAL_Driver/Src/stm32f7xx_hal_cortex.o
 .debug_abbrev  0x000012ea      0x264 ./Drivers/STM32F7xx_HAL_Driver/Src/stm32f7xx_hal_dma.o
 .debug_abbrev  0x0000154e      0x237 ./Drivers/STM32F7xx_HAL_Driver/Src/stm32f7xx_hal_dma2d.o
 .debug_abbrev  0x00001785      0x1d5 ./Drivers/STM32F7xx_HAL_Driver/Src/stm32f7xx_hal_gpio.o
 .debug_abbrev  0x0000195a      0x276 ./Drivers/STM32F7xx_HAL_Driver/Src/stm32f7xx_hal_i2c.o
 .debug_abbrev  0x00001bd0      0x163 ./Drivers/STM32F7xx_HAL_Driver/Src/stm32f7xx_hal_i2c_ex.o
 .debug_abbrev  0x00001d33      0x245 ./Drivers/STM32F7xx_HAL_Driver/Src/stm32f7xx_hal_ltdc.o
 .debug_abbrev  0x00001f78      0x1c4 ./Drivers/STM32F7xx_HAL_Driver/Src/stm32f7xx_hal_pwr.o
 .debug_abbrev  0x0000213c      0x1fc ./Drivers/STM32F7xx_HAL_Driver/Src/stm32f7xx_hal_pwr_ex.o
 .debug_abbrev  0x00002338      0x289 ./Drivers/STM32F7xx_HAL_Driver/Src/stm32f7xx_hal_rcc.o
 .debug_abbrev  0x000025c1      0x1c9 ./Drivers/STM32F7xx_HAL_Driver/Src/stm32f7xx_hal_rcc_ex.o
 .debug_abbrev  0x0000278a      0x26f ./Drivers/STM32F7xx_HAL_Driver/Src/stm32f7xx_hal_sai.o
 .debug_abbrev  0x000029f9      0x232 ./Drivers/STM32F7xx_HAL_Driver/Src/stm32f7xx_hal_sdram.o
 .debug_abbrev  0x00002c2b      0x266 ./Drivers/STM32F7xx_HAL_Driver/Src/stm32f7xx_hal_tim.o
 .debug_abbrev  0x00002e91      0x26e ./Drivers/STM32F7xx_HAL_Driver/Src/stm32f7xx_hal_tim_ex.o
 .debug_abbrev  0x000030ff      0x29e ./Drivers/STM32F7xx_HAL_Driver/Src/stm32f7xx_hal_uart.o
 .debug_abbrev  0x0000339d      0x17e ./Drivers/STM32F7xx_HAL_Driver/Src/stm32f7xx_ll_fmc.o
 .debug_abbrev  0x0000351b      0x118 ./Src/lcd_start_page.o
 .debug_abbrev  0x00003633      0x2d3 ./Src/main.o
 .debug_abbrev  0x00003906      0x2cc ./Src/mx_init.o
 .debug_abbrev  0x00003bd2       0xc0 ./Src/peripheral.o
 .debug_abbrev  0x00003c92      0x2a9 ./Src/stm32f7xx_hal_msp.o
 .debug_abbrev  0x00003f3b      0x1aa ./Src/stm32f7xx_it.o
 .debug_abbrev  0x000040e5      0x13b ./Src/system_stm32f7xx.o
 .debug_abbrev  0x00004220       0x24 ./Startup/startup_stm32f746nghx.o

.debug_aranges  0x00000000     0x1b70
 .debug_aranges
                0x00000000       0x80 ./Drivers/BSP/Components/wm8994/wm8994.o
 .debug_aranges
                0x00000080      0x128 ./Drivers/BSP/STM32746G-Discovery/stm32746g_discovery.o
 .debug_aranges
                0x000001a8      0x160 ./Drivers/BSP/STM32746G-Discovery/stm32746g_discovery_audio.o
 .debug_aranges
                0x00000308      0x1d8 ./Drivers/BSP/STM32746G-Discovery/stm32746g_discovery_lcd.o
 .debug_aranges
                0x000004e0       0x68 ./Drivers/BSP/STM32746G-Discovery/stm32746g_discovery_sdram.o
 .debug_aranges
                0x00000548      0x100 ./Drivers/STM32F7xx_HAL_Driver/Src/stm32f7xx_hal.o
 .debug_aranges
                0x00000648      0x118 ./Drivers/STM32F7xx_HAL_Driver/Src/stm32f7xx_hal_cortex.o
 .debug_aranges
                0x00000760       0x90 ./Drivers/STM32F7xx_HAL_Driver/Src/stm32f7xx_hal_dma.o
 .debug_aranges
                0x000007f0      0x108 ./Drivers/STM32F7xx_HAL_Driver/Src/stm32f7xx_hal_dma2d.o
 .debug_aranges
                0x000008f8       0x58 ./Drivers/STM32F7xx_HAL_Driver/Src/stm32f7xx_hal_gpio.o
 .debug_aranges
                0x00000950      0x260 ./Drivers/STM32F7xx_HAL_Driver/Src/stm32f7xx_hal_i2c.o
 .debug_aranges
                0x00000bb0       0x28 ./Drivers/STM32F7xx_HAL_Driver/Src/stm32f7xx_hal_i2c_ex.o
 .debug_aranges
                0x00000bd8      0x158 ./Drivers/STM32F7xx_HAL_Driver/Src/stm32f7xx_hal_ltdc.o
 .debug_aranges
                0x00000d30       0xa0 ./Drivers/STM32F7xx_HAL_Driver/Src/stm32f7xx_hal_pwr.o
 .debug_aranges
                0x00000dd0       0x80 ./Drivers/STM32F7xx_HAL_Driver/Src/stm32f7xx_hal_pwr_ex.o
 .debug_aranges
                0x00000e50       0x88 ./Drivers/STM32F7xx_HAL_Driver/Src/stm32f7xx_hal_rcc.o
 .debug_aranges
                0x00000ed8       0x50 ./Drivers/STM32F7xx_HAL_Driver/Src/stm32f7xx_hal_rcc_ex.o
 .debug_aranges
                0x00000f28      0x178 ./Drivers/STM32F7xx_HAL_Driver/Src/stm32f7xx_hal_sai.o
 .debug_aranges
                0x000010a0       0xd0 ./Drivers/STM32F7xx_HAL_Driver/Src/stm32f7xx_hal_sdram.o
 .debug_aranges
                0x00001170      0x368 ./Drivers/STM32F7xx_HAL_Driver/Src/stm32f7xx_hal_tim.o
 .debug_aranges
                0x000014d8      0x170 ./Drivers/STM32F7xx_HAL_Driver/Src/stm32f7xx_hal_tim_ex.o
 .debug_aranges
                0x00001648      0x190 ./Drivers/STM32F7xx_HAL_Driver/Src/stm32f7xx_hal_uart.o
 .debug_aranges
                0x000017d8       0xc8 ./Drivers/STM32F7xx_HAL_Driver/Src/stm32f7xx_ll_fmc.o
 .debug_aranges
                0x000018a0       0x20 ./Src/lcd_start_page.o
 .debug_aranges
                0x000018c0       0x70 ./Src/main.o
 .debug_aranges
                0x00001930       0xa8 ./Src/mx_init.o
 .debug_aranges
                0x000019d8       0x20 ./Src/peripheral.o
 .debug_aranges
                0x000019f8       0xb8 ./Src/stm32f7xx_hal_msp.o
 .debug_aranges
                0x00001ab0       0x70 ./Src/stm32f7xx_it.o
 .debug_aranges
                0x00001b20       0x28 ./Src/system_stm32f7xx.o
 .debug_aranges
                0x00001b48       0x28 ./Startup/startup_stm32f746nghx.o

.debug_rnglists
                0x00000000     0x1528
 .debug_rnglists
                0x00000000       0x61 ./Drivers/BSP/Components/wm8994/wm8994.o
 .debug_rnglists
                0x00000061       0xdc ./Drivers/BSP/STM32746G-Discovery/stm32746g_discovery.o
 .debug_rnglists
                0x0000013d      0x10b ./Drivers/BSP/STM32746G-Discovery/stm32746g_discovery_audio.o
 .debug_rnglists
                0x00000248      0x176 ./Drivers/BSP/STM32746G-Discovery/stm32746g_discovery_lcd.o
 .debug_rnglists
                0x000003be       0x4c ./Drivers/BSP/STM32746G-Discovery/stm32746g_discovery_sdram.o
 .debug_rnglists
                0x0000040a       0xbb ./Drivers/STM32F7xx_HAL_Driver/Src/stm32f7xx_hal.o
 .debug_rnglists
                0x000004c5       0xce ./Drivers/STM32F7xx_HAL_Driver/Src/stm32f7xx_hal_cortex.o
 .debug_rnglists
                0x00000593       0x70 ./Drivers/STM32F7xx_HAL_Driver/Src/stm32f7xx_hal_dma.o
 .debug_rnglists
                0x00000603       0xce ./Drivers/STM32F7xx_HAL_Driver/Src/stm32f7xx_hal_dma2d.o
 .debug_rnglists
                0x000006d1       0x3f ./Drivers/STM32F7xx_HAL_Driver/Src/stm32f7xx_hal_gpio.o
 .debug_rnglists
                0x00000710      0x1ee ./Drivers/STM32F7xx_HAL_Driver/Src/stm32f7xx_hal_i2c.o
 .debug_rnglists
                0x000008fe       0x1b ./Drivers/STM32F7xx_HAL_Driver/Src/stm32f7xx_hal_i2c_ex.o
 .debug_rnglists
                0x00000919      0x109 ./Drivers/STM32F7xx_HAL_Driver/Src/stm32f7xx_hal_ltdc.o
 .debug_rnglists
                0x00000a22       0x74 ./Drivers/STM32F7xx_HAL_Driver/Src/stm32f7xx_hal_pwr.o
 .debug_rnglists
                0x00000a96       0x5f ./Drivers/STM32F7xx_HAL_Driver/Src/stm32f7xx_hal_pwr_ex.o
 .debug_rnglists
                0x00000af5       0x67 ./Drivers/STM32F7xx_HAL_Driver/Src/stm32f7xx_hal_rcc.o
 .debug_rnglists
                0x00000b5c       0x3c ./Drivers/STM32F7xx_HAL_Driver/Src/stm32f7xx_hal_rcc_ex.o
 .debug_rnglists
                0x00000b98      0x131 ./Drivers/STM32F7xx_HAL_Driver/Src/stm32f7xx_hal_sai.o
 .debug_rnglists
                0x00000cc9       0x9e ./Drivers/STM32F7xx_HAL_Driver/Src/stm32f7xx_hal_sdram.o
 .debug_rnglists
                0x00000d67      0x2b8 ./Drivers/STM32F7xx_HAL_Driver/Src/stm32f7xx_hal_tim.o
 .debug_rnglists
                0x0000101f      0x127 ./Drivers/STM32F7xx_HAL_Driver/Src/stm32f7xx_hal_tim_ex.o
 .debug_rnglists
                0x00001146      0x13b ./Drivers/STM32F7xx_HAL_Driver/Src/stm32f7xx_hal_uart.o
 .debug_rnglists
                0x00001281       0x96 ./Drivers/STM32F7xx_HAL_Driver/Src/stm32f7xx_ll_fmc.o
 .debug_rnglists
                0x00001317       0x14 ./Src/lcd_start_page.o
 .debug_rnglists
                0x0000132b       0x54 ./Src/main.o
 .debug_rnglists
                0x0000137f       0x86 ./Src/mx_init.o
 .debug_rnglists
                0x00001405       0x13 ./Src/peripheral.o
 .debug_rnglists
                0x00001418       0x8e ./Src/stm32f7xx_hal_msp.o
 .debug_rnglists
                0x000014a6       0x4f ./Src/stm32f7xx_it.o
 .debug_rnglists
                0x000014f5       0x1a ./Src/system_stm32f7xx.o
 .debug_rnglists
                0x0000150f       0x19 ./Startup/startup_stm32f746nghx.o

.debug_macro    0x00000000    0x29061
 .debug_macro   0x00000000       0x81 ./Drivers/BSP/Components/wm8994/wm8994.o
 .debug_macro   0x00000081       0xc4 ./Drivers/BSP/Components/wm8994/wm8994.o
 .debug_macro   0x00000145      0x315 ./Drivers/BSP/STM32746G-Discovery/stm32746g_discovery.o
 .debug_macro   0x0000045a      0x19d ./Drivers/BSP/STM32746G-Discovery/stm32746g_discovery.o
 .debug_macro   0x000005f7       0x28 ./Drivers/BSP/STM32746G-Discovery/stm32746g_discovery.o
 .debug_macro   0x0000061f       0x3b ./Drivers/BSP/STM32746G-Discovery/stm32746g_discovery.o
 .debug_macro   0x0000065a       0x35 ./Drivers/BSP/STM32746G-Discovery/stm32746g_discovery.o
 .debug_macro   0x0000068f       0x50 ./Drivers/BSP/STM32746G-Discovery/stm32746g_discovery.o
 .debug_macro   0x000006df     0x1114 ./Drivers/BSP/STM32746G-Discovery/stm32746g_discovery.o
 .debug_macro   0x000017f3    0x1875a ./Drivers/BSP/STM32746G-Discovery/stm32746g_discovery.o
 .debug_macro   0x00019f4d       0x43 ./Drivers/BSP/STM32746G-Discovery/stm32746g_discovery.o
 .debug_macro   0x00019f90     0x35cf ./Drivers/BSP/STM32746G-Discovery/stm32746g_discovery.o
 .debug_macro   0x0001d55f       0x61 ./Drivers/BSP/STM32746G-Discovery/stm32746g_discovery.o
 .debug_macro   0x0001d5c0       0x57 ./Drivers/BSP/STM32746G-Discovery/stm32746g_discovery.o
 .debug_macro   0x0001d617     0x18ad ./Drivers/BSP/STM32746G-Discovery/stm32746g_discovery.o
 .debug_macro   0x0001eec4      0x6ca ./Drivers/BSP/STM32746G-Discovery/stm32746g_discovery.o
 .debug_macro   0x0001f58e      0x11e ./Drivers/BSP/STM32746G-Discovery/stm32746g_discovery.o
 .debug_macro   0x0001f6ac      0x204 ./Drivers/BSP/STM32746G-Discovery/stm32746g_discovery.o
 .debug_macro   0x0001f8b0       0x27 ./Drivers/BSP/STM32746G-Discovery/stm32746g_discovery.o
 .debug_macro   0x0001f8d7      0x24f ./Drivers/BSP/STM32746G-Discovery/stm32746g_discovery.o
 .debug_macro   0x0001fb26       0x41 ./Drivers/BSP/STM32746G-Discovery/stm32746g_discovery.o
 .debug_macro   0x0001fb67       0x58 ./Drivers/BSP/STM32746G-Discovery/stm32746g_discovery.o
 .debug_macro   0x0001fbbf      0x23a ./Drivers/BSP/STM32746G-Discovery/stm32746g_discovery.o
 .debug_macro   0x0001fdf9      0x20f ./Drivers/BSP/STM32746G-Discovery/stm32746g_discovery.o
 .debug_macro   0x00020008      0x156 ./Drivers/BSP/STM32746G-Discovery/stm32746g_discovery.o
 .debug_macro   0x0002015e      0x25d ./Drivers/BSP/STM32746G-Discovery/stm32746g_discovery.o
 .debug_macro   0x000203bb       0x12 ./Drivers/BSP/STM32746G-Discovery/stm32746g_discovery.o
 .debug_macro   0x000203cd      0x516 ./Drivers/BSP/STM32746G-Discovery/stm32746g_discovery.o
 .debug_macro   0x000208e3      0x209 ./Drivers/BSP/STM32746G-Discovery/stm32746g_discovery.o
 .debug_macro   0x00020aec       0x5a ./Drivers/BSP/STM32746G-Discovery/stm32746g_discovery.o
 .debug_macro   0x00020b46       0x90 ./Drivers/BSP/STM32746G-Discovery/stm32746g_discovery.o
 .debug_macro   0x00020bd6      0x255 ./Drivers/BSP/STM32746G-Discovery/stm32746g_discovery.o
 .debug_macro   0x00020e2b      0x132 ./Drivers/BSP/STM32746G-Discovery/stm32746g_discovery.o
 .debug_macro   0x00020f5d      0x10c ./Drivers/BSP/STM32746G-Discovery/stm32746g_discovery.o
 .debug_macro   0x00021069       0x35 ./Drivers/BSP/STM32746G-Discovery/stm32746g_discovery.o
 .debug_macro   0x0002109e      0x447 ./Drivers/BSP/STM32746G-Discovery/stm32746g_discovery.o
 .debug_macro   0x000214e5      0x65b ./Drivers/BSP/STM32746G-Discovery/stm32746g_discovery.o
 .debug_macro   0x00021b40      0x256 ./Drivers/BSP/STM32746G-Discovery/stm32746g_discovery.o
 .debug_macro   0x00021d96      0x169 ./Drivers/BSP/STM32746G-Discovery/stm32746g_discovery.o
 .debug_macro   0x00021eff      0x4e8 ./Drivers/BSP/STM32746G-Discovery/stm32746g_discovery.o
 .debug_macro   0x000223e7       0x47 ./Drivers/BSP/STM32746G-Discovery/stm32746g_discovery.o
 .debug_macro   0x0002242e      0x15e ./Drivers/BSP/STM32746G-Discovery/stm32746g_discovery.o
 .debug_macro   0x0002258c      0x262 ./Drivers/BSP/STM32746G-Discovery/stm32746g_discovery.o
 .debug_macro   0x000227ee      0x31e ./Drivers/BSP/STM32746G-Discovery/stm32746g_discovery_audio.o
 .debug_macro   0x00022b0c       0x3b ./Drivers/BSP/STM32746G-Discovery/stm32746g_discovery_audio.o
 .debug_macro   0x00022b47      0x184 ./Drivers/BSP/STM32746G-Discovery/stm32746g_discovery_audio.o
 .debug_macro   0x00022ccb      0x34b ./Drivers/BSP/STM32746G-Discovery/stm32746g_discovery_lcd.o
 .debug_macro   0x00023016       0x40 ./Drivers/BSP/STM32746G-Discovery/stm32746g_discovery_lcd.o
 .debug_macro   0x00023056       0x9a ./Drivers/BSP/STM32746G-Discovery/stm32746g_discovery_lcd.o
 .debug_macro   0x000230f0      0x268 ./Drivers/BSP/STM32746G-Discovery/stm32746g_discovery_lcd.o
 .debug_macro   0x00023358       0x10 ./Drivers/BSP/STM32746G-Discovery/stm32746g_discovery_lcd.o
 .debug_macro   0x00023368      0x136 ./Drivers/BSP/STM32746G-Discovery/stm32746g_discovery_lcd.o
 .debug_macro   0x0002349e      0x2f7 ./Drivers/BSP/STM32746G-Discovery/stm32746g_discovery_sdram.o
 .debug_macro   0x00023795      0x30c ./Drivers/STM32F7xx_HAL_Driver/Src/stm32f7xx_hal.o
 .debug_macro   0x00023aa1      0x2e8 ./Drivers/STM32F7xx_HAL_Driver/Src/stm32f7xx_hal_cortex.o
 .debug_macro   0x00023d89      0x2ef ./Drivers/STM32F7xx_HAL_Driver/Src/stm32f7xx_hal_dma.o
 .debug_macro   0x00024078      0x2f6 ./Drivers/STM32F7xx_HAL_Driver/Src/stm32f7xx_hal_dma2d.o
 .debug_macro   0x0002436e      0x320 ./Drivers/STM32F7xx_HAL_Driver/Src/stm32f7xx_hal_gpio.o
 .debug_macro   0x0002468e      0x3b4 ./Drivers/STM32F7xx_HAL_Driver/Src/stm32f7xx_hal_i2c.o
 .debug_macro   0x00024a42      0x2e8 ./Drivers/STM32F7xx_HAL_Driver/Src/stm32f7xx_hal_i2c_ex.o
 .debug_macro   0x00024d2a      0x2e8 ./Drivers/STM32F7xx_HAL_Driver/Src/stm32f7xx_hal_ltdc.o
 .debug_macro   0x00025012      0x306 ./Drivers/STM32F7xx_HAL_Driver/Src/stm32f7xx_hal_pwr.o
 .debug_macro   0x00025318      0x300 ./Drivers/STM32F7xx_HAL_Driver/Src/stm32f7xx_hal_pwr_ex.o
 .debug_macro   0x00025618      0x30c ./Drivers/STM32F7xx_HAL_Driver/Src/stm32f7xx_hal_rcc.o
 .debug_macro   0x00025924      0x2e8 ./Drivers/STM32F7xx_HAL_Driver/Src/stm32f7xx_hal_rcc_ex.o
 .debug_macro   0x00025c0c      0x2f7 ./Drivers/STM32F7xx_HAL_Driver/Src/stm32f7xx_hal_sai.o
 .debug_macro   0x00025f03      0x2e8 ./Drivers/STM32F7xx_HAL_Driver/Src/stm32f7xx_hal_sdram.o
 .debug_macro   0x000261eb      0x2e9 ./Drivers/STM32F7xx_HAL_Driver/Src/stm32f7xx_hal_tim.o
 .debug_macro   0x000264d4      0x2f4 ./Drivers/STM32F7xx_HAL_Driver/Src/stm32f7xx_hal_tim_ex.o
 .debug_macro   0x000267c8      0x2f0 ./Drivers/STM32F7xx_HAL_Driver/Src/stm32f7xx_hal_uart.o
 .debug_macro   0x00026ab8      0x2e8 ./Drivers/STM32F7xx_HAL_Driver/Src/stm32f7xx_ll_fmc.o
 .debug_macro   0x00026da0      0x367 ./Src/lcd_start_page.o
 .debug_macro   0x00027107      0x19b ./Src/lcd_start_page.o
 .debug_macro   0x000272a2       0xa0 ./Src/lcd_start_page.o
 .debug_macro   0x00027342       0x16 ./Src/lcd_start_page.o
 .debug_macro   0x00027358      0x3ca ./Src/main.o
 .debug_macro   0x00027722      0x8af ./Src/main.o
 .debug_macro   0x00027fd1       0x1c ./Src/main.o
 .debug_macro   0x00027fed       0x10 ./Src/main.o
 .debug_macro   0x00027ffd      0x376 ./Src/mx_init.o
 .debug_macro   0x00028373      0x31e ./Src/peripheral.o
 .debug_macro   0x00028691      0x36c ./Src/stm32f7xx_hal_msp.o
 .debug_macro   0x000289fd      0x376 ./Src/stm32f7xx_it.o
 .debug_macro   0x00028d73      0x2ee ./Src/system_stm32f7xx.o

.debug_line     0x00000000    0x22445