../Drivers/BSP/STM32746G-Discovery/stm32746g_discovery_audio.c:179:9:BSP_AUDIO_OUT_Init	32	static
../Drivers/BSP/STM32746G-Discovery/stm32746g_discovery_audio.c:232:9:BSP_AUDIO_OUT_Play	16	static
../Drivers/BSP/STM32746G-Discovery/stm32746g_discovery_audio.c:255:6:BSP_AUDIO_OUT_ChangeBuffer	16	static
../Drivers/BSP/STM32746G-Discovery/stm32746g_discovery_audio.c:268:9:BSP_AUDIO_OUT_Pause	8	static
../Drivers/BSP/STM32746G-Discovery/stm32746g_discovery_audio.c:292:9:BSP_AUDIO_OUT_Resume	8	static
../Drivers/BSP/STM32746G-Discovery/stm32746g_discovery_audio.c:318:9:BSP_AUDIO_OUT_Stop	16	static
../Drivers/BSP/STM32746G-Discovery/stm32746g_discovery_audio.c:346:9:BSP_AUDIO_OUT_SetVolume	16	static
../Drivers/BSP/STM32746G-Discovery/stm32746g_discovery_audio.c:366:9:BSP_AUDIO_OUT_SetMute	16	static
../Drivers/BSP/STM32746G-Discovery/stm32746g_discovery_audio.c:387:9:BSP_AUDIO_OUT_SetOutputMode	16	static
../Drivers/BSP/STM32746G-Discovery/stm32746g_discovery_audio.c:408:6:BSP_AUDIO_OUT_SetFrequency	16	static
../Drivers/BSP/STM32746G-Discovery/stm32746g_discovery_audio.c:435:6:BSP_AUDIO_OUT_SetAudioFrameSlot	16	static
../Drivers/BSP/STM32746G-Discovery/stm32746g_discovery_audio.c:452:6:BSP_AUDIO_OUT_DeInit	8	static
../Drivers/BSP/STM32746G-Discovery/stm32746g_discovery_audio.c:464:6:HAL_SAI_TxCpltCallback	16	static
../Drivers/BSP/STM32746G-Discovery/stm32746g_discovery_audio.c:476:6:HAL_SAI_TxHalfCpltCallback	16	static
../Drivers/BSP/STM32746G-Discovery/stm32746g_discovery_audio.c:488:6:HAL_SAI_ErrorCallback	24	static
../Drivers/BSP/STM32746G-Discovery/stm32746g_discovery_audio.c:512:13:BSP_AUDIO_OUT_TransferComplete_CallBack	4	static
../Drivers/BSP/STM32746G-Discovery/stm32746g_discovery_audio.c:520:13:BSP_AUDIO_OUT_HalfTransfer_CallBack	4	static
../Drivers/BSP/STM32746G-Discovery/stm32746g_discovery_audio.c:528:13:BSP_AUDIO_OUT_Error_CallBack	4	static
../Drivers/BSP/STM32746G-Discovery/stm32746g_discovery_audio.c:538:13:BSP_AUDIO_OUT_MspInit	56	static
../Drivers/BSP/STM32746G-Discovery/stm32746g_discovery_audio.c:621:13:BSP_AUDIO_OUT_MspDeInit	40	static
../Drivers/BSP/STM32746G-Discovery/stm32746g_discovery_audio.c:666:13:BSP_AUDIO_OUT_ClockConfig	160	static
../Drivers/BSP/STM32746G-Discovery/stm32746g_discovery_audio.c:715:13:SAIx_Out_Init	16	static
../Drivers/BSP/STM32746G-Discovery/stm32746g_discovery_audio.c:771:13:SAIx_Out_DeInit	8	static
../Drivers/BSP/STM32746G-Discovery/stm32746g_discovery_audio.c:797:9:BSP_AUDIO_IN_Init	24	static
../Drivers/BSP/STM32746G-Discovery/stm32746g_discovery_audio.c:810:9:BSP_AUDIO_IN_InitEx	48	static
../Drivers/BSP/STM32746G-Discovery/stm32746g_discovery_audio.c:879:9:BSP_AUDIO_IN_OUT_Init	24	static
../Drivers/BSP/STM32746G-Discovery/stm32746g_discovery_audio.c:894:10:BSP_AUDIO_IN_Record	24	static
../Drivers/BSP/STM32746G-Discovery/stm32746g_discovery_audio.c:916:9:BSP_AUDIO_IN_Stop	16	static
../Drivers/BSP/STM32746G-Discovery/stm32746g_discovery_audio.c:942:9:BSP_AUDIO_IN_Pause	8	static
../Drivers/BSP/STM32746G-Discovery/stm32746g_discovery_audio.c:954:9:BSP_AUDIO_IN_Resume	8	static
../Drivers/BSP/STM32746G-Discovery/stm32746g_discovery_audio.c:967:9:BSP_AUDIO_IN_SetVolume	16	static
../Drivers/BSP/STM32746G-Discovery/stm32746g_discovery_audio.c:987:6:BSP_AUDIO_IN_DeInit	8	static
../Drivers/BSP/STM32746G-Discovery/stm32746g_discovery_audio.c:999:6:HAL_SAI_RxCpltCallback	16	static
../Drivers/BSP/STM32746G-Discovery/stm32746g_discovery_audio.c:1010:6:HAL_SAI_RxHalfCpltCallback	16	static
../Drivers/BSP/STM32746G-Discovery/stm32746g_discovery_audio.c:1021:13:BSP_AUDIO_IN_TransferComplete_CallBack	4	static
../Drivers/BSP/STM32746G-Discovery/stm32746g_discovery_audio.c:1032:13:BSP_AUDIO_IN_HalfTransfer_CallBack	4	static
../Drivers/BSP/STM32746G-Discovery/stm32746g_discovery_audio.c:1043:13:BSP_AUDIO_IN_Error_CallBack	4	static
../Drivers/BSP/STM32746G-Discovery/stm32746g_discovery_audio.c:1055:13:BSP_AUDIO_IN_MspInit	56	static
../Drivers/BSP/STM32746G-Discovery/stm32746g_discovery_audio.c:1128:13:BSP_AUDIO_IN_MspDeInit	40	static
../Drivers/BSP/STM32746G-Discovery/stm32746g_discovery_audio.c:1170:13:SAIx_In_Init	24	static
../Drivers/BSP/STM32746G-Discovery/stm32746g_discovery_audio.c:1216:13:SAIx_In_DeInit	8	static
