../Src/stm32f7xx_hal_msp.c:86:6:HAL_MspInit	16	static
../Src/stm32f7xx_hal_msp.c:108:6:HAL_DMA2D_MspInit	24	static
../Src/stm32f7xx_hal_msp.c:135:6:HAL_DMA2D_MspDeInit	16	static
../Src/stm32f7xx_hal_msp.c:161:6:HAL_I2C_MspInit	48	static
../Src/stm32f7xx_hal_msp.c:199:6:HAL_I2C_MspDeInit	16	static
../Src/stm32f7xx_hal_msp.c:229:6:HAL_LTDC_MspInit	64	static
../Src/stm32f7xx_hal_msp.c:332:6:HAL_LTDC_MspDeInit	16	static
../Src/stm32f7xx_hal_msp.c:402:6:HAL_TIM_Base_MspInit	72	static
../Src/stm32f7xx_hal_msp.c:506:6:HAL_TIM_PWM_MspInit	24	static
../Src/stm32f7xx_hal_msp.c:523:6:HAL_TIM_MspPostInit	48	static
../Src/stm32f7xx_hal_msp.c:577:6:HAL_TIM_Base_MspDeInit	16	static
../Src/stm32f7xx_hal_msp.c:663:6:HAL_TIM_PWM_MspDeInit	16	static
../Src/stm32f7xx_hal_msp.c:686:6:HAL_UART_MspInit	56	static
../Src/stm32f7xx_hal_msp.c:756:6:HAL_UART_MspDeInit	16	static
../Src/stm32f7xx_hal_msp.c:802:13:HAL_FMC_MspInit	32	static
../Src/stm32f7xx_hal_msp.c:907:6:HAL_SDRAM_MspInit	16	static
../Src/stm32f7xx_hal_msp.c:919:13:HAL_FMC_MspDeInit	8	static
../Src/stm32f7xx_hal_msp.c:993:6:HAL_SDRAM_MspDeInit	16	static
../Src/stm32f7xx_hal_msp.c:1005:6:HAL_SAI_MspInit	48	static
../Src/stm32f7xx_hal_msp.c:1055:6:HAL_SAI_MspDeInit	16	static
